ðŸŒŸ This was machine generated.  Do not edit. ðŸŒŸ

Frame[0] 
Name: Demo Turbine Asset 1
Dimensions: 2 Fields by 35 Rows
+---------------+--------------------------+
| Name: time    | Name: Average Wind Speed |
| Labels:       | Labels:                  |
| Type: []int64 | Type: []*float64         |
+---------------+--------------------------+
| 1602208800000 | 47.171762312455954       |
| 1602209100000 | 46.64528808819145        |
| 1602209400000 | 47.18196486171094        |
| 1602209700000 | 47.67195667517736        |
| 1602210000000 | 47.355523529272986       |
| 1602210300000 | 47.212089178811766       |
| 1602210600000 | 46.128976741957814       |
| 1602210900000 | 47.01414399752511        |
| 1602211200000 | 46.41645298174654        |
| ...           | ...                      |
+---------------+--------------------------+


====== TEST DATA RESPONSE (arrow base64) ======
FRAME=QVJST1cxAAD/////uAEAABAAAAAAAAoADgAMAAsABAAKAAAAFAAAAAAAAAEDAAoADAAAAAgABAAKAAAACAAAAGQAAAACAAAAKAAAAAQAAADc/v//CAAAAAwAAAAAAAAAAAAAAAUAAAByZWZJZAAAAPz+//8IAAAAIAAAABQAAABEZW1vIFR1cmJpbmUgQXNzZXQgMQAAAAAEAAAAbmFtZQAAAAACAAAArAAAABgAAAAAABIAGAAUABMAEgAMAAAACAAEABIAAAAUAAAASAAAAFAAAAAAAAMBUAAAAAEAAAAEAAAAcP///wgAAAAcAAAAEgAAAEF2ZXJhZ2UgV2luZCBTcGVlZAAABAAAAG5hbWUAAAAAAAAAAAAABgAIAAYABgAAAAAAAgASAAAAQXZlcmFnZSBXaW5kIFNwZWVkAAAAABIAGAAUAAAAEwAMAAAACAAEABIAAAAUAAAARAAAAEwAAAAAAAACUAAAAAEAAAAMAAAACAAMAAgABAAIAAAACAAAABAAAAAEAAAAdGltZQAAAAAEAAAAbmFtZQAAAAAAAAAACAAMAAgABwAIAAAAAAAAAUAAAAAEAAAAdGltZQAAAAAAAAAA/////7gAAAAUAAAAAAAAAAwAFgAUABMADAAEAAwAAAAwAgAAAAAAABQAAAAAAAADAwAKABgADAAIAAQACgAAABQAAABYAAAAIwAAAAAAAAAAAAAABAAAAAAAAAAAAAAAAAAAAAAAAAAAAAAAAAAAABgBAAAAAAAAGAEAAAAAAAAAAAAAAAAAABgBAAAAAAAAGAEAAAAAAAAAAAAAAgAAACMAAAAAAAAAAAAAAAAAAAAjAAAAAAAAAAAAAAAAAAAAAB0WC3UBAADgsBoLdQEAAMBEHwt1AQAAoNgjC3UBAACAbCgLdQEAAGAALQt1AQAAQJQxC3UBAAAgKDYLdQEAAAC8Ogt1AQAA4E8/C3UBAADA40MLdQEAAKB3SAt1AQAAgAtNC3UBAABgn1ELdQEAAEAzVgt1AQAAIMdaC3UBAAAAW18LdQEAAODuYwt1AQAAwIJoC3UBAACgFm0LdQEAAICqcQt1AQAAYD52C3UBAABA0noLdQEAACBmfwt1AQAAAPqDC3UBAADgjYgLdQEAAMAhjQt1AQAAoLWRC3UBAACASZYLdQEAAGDdmgt1AQAAQHGfC3UBAAAgBaQLdQEAAACZqAt1AQAA4CytC3UBAADAwLELdQEAAIJXtU78lUdA7KPRzJhSR0DqCOWfSpdHQJsbJK0C1kdAzpeFy4GtR0CAavu8JZtHQKRTVE+CEEdADGdzeM+BR0AndtBUTjVHQCa2U5oXo0dApTC5Ob7UR0Bybbf86IJHQEWHj/ZYv0dAODgblUS+R0CueCwnCk1HQIloFu6Kr0ZAh65R8PRuRkBptHQ0WGtGQKgr4gYAn0ZAKCyzrtquRkB+8maQcYFGQEOKXIA35UVAjRul1femRUDoYypI1wFGQKZjfn969UVAu5PGiUdzRkBtUf65Y7hGQBG3cnB7hkdAZSuQ/5OJR0ABj8Fl205HQPGTzZnWw0ZAniNA/dsvRkA7cYkYSy1FQCz5ZwQJIURA+BT8FslzREAQAAAADAAUABIADAAIAAQADAAAABAAAAAsAAAAOAAAAAAAAwABAAAAyAEAAAAAAADAAAAAAAAAADACAAAAAAAAAAAAAAAAAAAAAAoADAAAAAgABAAKAAAACAAAAGQAAAACAAAAKAAAAAQAAADc/v//CAAAAAwAAAAAAAAAAAAAAAUAAAByZWZJZAAAAPz+//8IAAAAIAAAABQAAABEZW1vIFR1cmJpbmUgQXNzZXQgMQAAAAAEAAAAbmFtZQAAAAACAAAArAAAABgAAAAAABIAGAAUABMAEgAMAAAACAAEABIAAAAUAAAASAAAAFAAAAAAAAMBUAAAAAEAAAAEAAAAcP///wgAAAAcAAAAEgAAAEF2ZXJhZ2UgV2luZCBTcGVlZAAABAAAAG5hbWUAAAAAAAAAAAAABgAIAAYABgAAAAAAAgASAAAAQXZlcmFnZSBXaW5kIFNwZWVkAAAAABIAGAAUAAAAEwAMAAAACAAEABIAAAAUAAAARAAAAEwAAAAAAAACUAAAAAEAAAAMAAAACAAMAAgABAAIAAAACAAAABAAAAAEAAAAdGltZQAAAAAEAAAAbmFtZQAAAAAAAAAACAAMAAgABwAIAAAAAAAAAUAAAAAEAAAAdGltZQAAAADgAQAAQVJST1cx
