python.lang.correctness.useless-eqeq.useless-eqeq
     > baz.py:1
     ╷
    1│   15 == 15
     ╵
     = This expression is always True: `15 == 15` or `15 != 15`. If testing for
       floating point NaN, use `math.isnan(15)`, or `cmath.isnan(15)` if the
       number is complex.

