commit aaaaaaa
Author: Test <test@r2c.dev>
Date:   YYYY-MM-DD

    add finding

 .semgrep_logs/bar.py | 1 +
 .semgrepignore       | 0
 2 files changed, 1 insertion(+)

commit aaaaaaa
Author: Test <test@r2c.dev>
Date:   YYYY-MM-DD

    base

 foo.py | 1 +
 1 file changed, 1 insertion(+)
