ðŸŒŸ This was machine generated.  Do not edit. ðŸŒŸ

Frame[0] {}
Name: 
Dimensions: 3 Fields by 15 Rows
+-------------------+-----------------+---------------------------------+
| Name: Column      | Name: Type      | Name: Timestream attribute type |
| Labels:           | Labels:         | Labels:                         |
| Type: []*string   | Type: []*string | Type: []*string                 |
+-------------------+-----------------+---------------------------------+
| availability_zone | varchar         | DIMENSION                       |
| microservice_name | varchar         | DIMENSION                       |
| instance_name     | varchar         | DIMENSION                       |
| process_name      | varchar         | DIMENSION                       |
| os_version        | varchar         | DIMENSION                       |
| jdk_version       | varchar         | DIMENSION                       |
| cell              | varchar         | DIMENSION                       |
| region            | varchar         | DIMENSION                       |
| silo              | varchar         | DIMENSION                       |
| ...               | ...             | ...                             |
+-------------------+-----------------+---------------------------------+


====== TEST DATA RESPONSE (arrow base64) ======
FRAME=QVJST1cxAAD/////AAIAABAAAAAAAAoADgAMAAsABAAKAAAAFAAAAAAAAAEDAAoADAAAAAgABAAKAAAACAAAAHQAAAADAAAATAAAACgAAAAEAAAAiP7//wgAAAAMAAAAAAAAAAAAAAAFAAAAcmVmSWQAAACo/v//CAAAAAwAAAAAAAAAAAAAAAQAAABuYW1lAAAAAMj+//8IAAAADAAAAAIAAAB7fQAABAAAAG1ldGEAAAAAAwAAAPQAAACIAAAABAAAACr///8UAAAAUAAAAFAAAAAAAAUBTAAAAAEAAAAEAAAAGP///wgAAAAkAAAAGQAAAFRpbWVzdHJlYW0gYXR0cmlidXRlIHR5cGUAAAAEAAAAbmFtZQAAAAAAAAAAJP///xkAAABUaW1lc3RyZWFtIGF0dHJpYnV0ZSB0eXBlAAAAqv///xQAAAA8AAAAPAAAAAAABQE4AAAAAQAAAAQAAACY////CAAAABAAAAAEAAAAVHlwZQAAAAAEAAAAbmFtZQAAAAAAAAAAkP///wQAAABUeXBlAAASABgAFAATABIADAAAAAgABAASAAAAFAAAAEQAAABIAAAAAAAFAUQAAAABAAAADAAAAAgADAAIAAQACAAAAAgAAAAQAAAABgAAAENvbHVtbgAABAAAAG5hbWUAAAAAAAAAAAQABAAEAAAABgAAAENvbHVtbgAA/////xgBAAAUAAAAAAAAAAwAFgAUABMADAAEAAwAAACIAgAAAAAAABQAAAAAAAADAwAKABgADAAIAAQACgAAABQAAACoAAAADwAAAAAAAAAAAAAACQAAAAAAAAAAAAAAAAAAAAAAAAAAAAAAAAAAAEAAAAAAAAAAQAAAAAAAAADAAAAAAAAAAAABAAAAAAAAAAAAAAAAAAAAAQAAAAAAAEAAAAAAAAAAQAEAAAAAAABwAAAAAAAAALABAAAAAAAAAAAAAAAAAACwAQAAAAAAAEAAAAAAAAAA8AEAAAAAAACYAAAAAAAAAAAAAAADAAAADwAAAAAAAAAAAAAAAAAAAA8AAAAAAAAAAAAAAAAAAAAPAAAAAAAAAAAAAAAAAAAAAAAAABEAAAAiAAAALwAAADsAAABFAAAAUAAAAFQAAABaAAAAXgAAAGsAAACAAAAAlQAAAKsAAAC3AAAAuwAAAGF2YWlsYWJpbGl0eV96b25lbWljcm9zZXJ2aWNlX25hbWVpbnN0YW5jZV9uYW1lcHJvY2Vzc19uYW1lb3NfdmVyc2lvbmpka192ZXJzaW9uY2VsbHJlZ2lvbnNpbG9pbnN0YW5jZV90eXBlbWVhc3VyZV92YWx1ZTo6ZG91YmxlbWVhc3VyZV92YWx1ZTo6YmlnaW50bWVhc3VyZV92YWx1ZTo6dmFyY2hhcm1lYXN1cmVfbmFtZXRpbWUAAAAAAAAAAAAHAAAADgAAABUAAAAcAAAAIwAAACoAAAAxAAAAOAAAAD8AAABGAAAATAAAAFIAAABZAAAAYAAAAGkAAAB2YXJjaGFydmFyY2hhcnZhcmNoYXJ2YXJjaGFydmFyY2hhcnZhcmNoYXJ2YXJjaGFydmFyY2hhcnZhcmNoYXJ2YXJjaGFyZG91YmxlYmlnaW50dmFyY2hhcnZhcmNoYXJ0aW1lc3RhbXAAAAAAAAAAAAAAAAkAAAASAAAAGwAAACQAAAAtAAAANgAAAD8AAABIAAAAUQAAAFoAAABnAAAAdAAAAIEAAACNAAAAlgAAAERJTUVOU0lPTkRJTUVOU0lPTkRJTUVOU0lPTkRJTUVOU0lPTkRJTUVOU0lPTkRJTUVOU0lPTkRJTUVOU0lPTkRJTUVOU0lPTkRJTUVOU0lPTkRJTUVOU0lPTk1FQVNVUkVfVkFMVUVNRUFTVVJFX1ZBTFVFTUVBU1VSRV9WQUxVRU1FQVNVUkVfTkFNRVRJTUVTVEFNUAAAEAAAAAwAFAASAAwACAAEAAwAAAAQAAAALAAAADwAAAAAAAMAAQAAABACAAAAAAAAIAEAAAAAAACIAgAAAAAAAAAAAAAAAAAAAAAAAAAACgAMAAAACAAEAAoAAAAIAAAAdAAAAAMAAABMAAAAKAAAAAQAAACI/v//CAAAAAwAAAAAAAAAAAAAAAUAAAByZWZJZAAAAKj+//8IAAAADAAAAAAAAAAAAAAABAAAAG5hbWUAAAAAyP7//wgAAAAMAAAAAgAAAHt9AAAEAAAAbWV0YQAAAAADAAAA9AAAAIgAAAAEAAAAKv///xQAAABQAAAAUAAAAAAABQFMAAAAAQAAAAQAAAAY////CAAAACQAAAAZAAAAVGltZXN0cmVhbSBhdHRyaWJ1dGUgdHlwZQAAAAQAAABuYW1lAAAAAAAAAAAk////GQAAAFRpbWVzdHJlYW0gYXR0cmlidXRlIHR5cGUAAACq////FAAAADwAAAA8AAAAAAAFATgAAAABAAAABAAAAJj///8IAAAAEAAAAAQAAABUeXBlAAAAAAQAAABuYW1lAAAAAAAAAACQ////BAAAAFR5cGUAABIAGAAUABMAEgAMAAAACAAEABIAAAAUAAAARAAAAEgAAAAAAAUBRAAAAAEAAAAMAAAACAAMAAgABAAIAAAACAAAABAAAAAGAAAAQ29sdW1uAAAEAAAAbmFtZQAAAAAAAAAABAAEAAQAAAAGAAAAQ29sdW1uAAAwAgAAQVJST1cx
