ðŸŒŸ This was machine generated.  Do not edit. ðŸŒŸ

Frame[0] {}
Name: 
Dimensions: 2 Fields by 1 Rows
+----------------+-----------------+
| Name: t_int32  | Name: t_varchar |
| Labels:        | Labels:         |
| Type: []*int32 | Type: []*string |
+----------------+-----------------+
| 1              | two             |
+----------------+-----------------+


====== TEST DATA RESPONSE (arrow base64) ======
FRAME=QVJST1cxAAD/////mAEAABAAAAAAAAoADgAMAAsABAAKAAAAFAAAAAAAAAEDAAoADAAAAAgABAAKAAAACAAAAHQAAAADAAAATAAAACgAAAAEAAAAAP///wgAAAAMAAAAAAAAAAAAAAAFAAAAcmVmSWQAAAAg////CAAAAAwAAAAAAAAAAAAAAAQAAABuYW1lAAAAAED///8IAAAADAAAAAIAAAB7fQAABAAAAG1ldGEAAAAAAgAAAHwAAAAEAAAAnv///xQAAABAAAAARAAAAAAABQFAAAAAAQAAAAQAAACM////CAAAABQAAAAJAAAAdF92YXJjaGFyAAAABAAAAG5hbWUAAAAAAAAAAAQABAAEAAAACQAAAHRfdmFyY2hhcgASABgAFAATABIADAAAAAgABAASAAAAFAAAAEQAAABMAAAAAAACAVAAAAABAAAADAAAAAgADAAIAAQACAAAAAgAAAAQAAAABwAAAHRfaW50MzIABAAAAG5hbWUAAAAAAAAAAAgADAAIAAcACAAAAAAAAAEgAAAABwAAAHRfaW50MzIAAAAAAP/////IAAAAFAAAAAAAAAAMABYAFAATAAwABAAMAAAAGAAAAAAAAAAUAAAAAAAAAwMACgAYAAwACAAEAAoAAAAUAAAAaAAAAAEAAAAAAAAAAAAAAAUAAAAAAAAAAAAAAAAAAAAAAAAAAAAAAAAAAAAIAAAAAAAAAAgAAAAAAAAAAAAAAAAAAAAIAAAAAAAAAAgAAAAAAAAAEAAAAAAAAAAIAAAAAAAAAAAAAAACAAAAAQAAAAAAAAAAAAAAAAAAAAEAAAAAAAAAAAAAAAAAAAABAAAAAAAAAAAAAAADAAAAdHdvAAAAAAAQAAAADAAUABIADAAIAAQADAAAABAAAAAsAAAAOAAAAAAAAwABAAAAqAEAAAAAAADQAAAAAAAAABgAAAAAAAAAAAAAAAAAAAAAAAoADAAAAAgABAAKAAAACAAAAHQAAAADAAAATAAAACgAAAAEAAAAAP///wgAAAAMAAAAAAAAAAAAAAAFAAAAcmVmSWQAAAAg////CAAAAAwAAAAAAAAAAAAAAAQAAABuYW1lAAAAAED///8IAAAADAAAAAIAAAB7fQAABAAAAG1ldGEAAAAAAgAAAHwAAAAEAAAAnv///xQAAABAAAAARAAAAAAABQFAAAAAAQAAAAQAAACM////CAAAABQAAAAJAAAAdF92YXJjaGFyAAAABAAAAG5hbWUAAAAAAAAAAAQABAAEAAAACQAAAHRfdmFyY2hhcgASABgAFAATABIADAAAAAgABAASAAAAFAAAAEQAAABMAAAAAAACAVAAAAABAAAADAAAAAgADAAIAAQACAAAAAgAAAAQAAAABwAAAHRfaW50MzIABAAAAG5hbWUAAAAAAAAAAAgADAAIAAcACAAAAAAAAAEgAAAABwAAAHRfaW50MzIAwAEAAEFSUk9XMQ==
