ðŸŒŸ This was machine generated.  Do not edit. ðŸŒŸ

Frame[0] {}
Name: 
Dimensions: 3 Fields by 24 Rows
+--------------------+-----------------+-------------------------------------------------------------------------------------------------------------------------------------------------------------------------------------------------------------------------------------------------------------------------------------------------------------------------------------------------------------------------------------------------------------------------------------------------------+
| Name: measure_name | Name: data_type | Name: dimensions                                                                                                                                                                                                                                                                                                                                                                                                                                      |
| Labels:            | Labels:         | Labels:                                                                                                                                                                                                                                                                                                                                                                                                                                               |
| Type: []*string    | Type: []*string | Type: []string                                                                                                                                                                                                                                                                                                                                                                                                                                        |
+--------------------+-----------------+-------------------------------------------------------------------------------------------------------------------------------------------------------------------------------------------------------------------------------------------------------------------------------------------------------------------------------------------------------------------------------------------------------------------------------------------------------+
| cpu_hi             | double          | [{"data_type":"varchar","dimension_name":"availability_zone"},{"data_type":"varchar","dimension_name":"microservice_name"},{"data_type":"varchar","dimension_name":"instance_name"},{"data_type":"varchar","dimension_name":"os_version"},{"data_type":"varchar","dimension_name":"cell"},{"data_type":"varchar","dimension_name":"region"},{"data_type":"varchar","dimension_name":"silo"},{"data_type":"varchar","dimension_name":"instance_type"}] |
| cpu_idle           | double          | [{"data_type":"varchar","dimension_name":"availability_zone"},{"data_type":"varchar","dimension_name":"microservice_name"},{"data_type":"varchar","dimension_name":"instance_name"},{"data_type":"varchar","dimension_name":"os_version"},{"data_type":"varchar","dimension_name":"cell"},{"data_type":"varchar","dimension_name":"region"},{"data_type":"varchar","dimension_name":"silo"},{"data_type":"varchar","dimension_name":"instance_type"}] |
| cpu_iowait         | double          | [{"data_type":"varchar","dimension_name":"availability_zone"},{"data_type":"varchar","dimension_name":"microservice_name"},{"data_type":"varchar","dimension_name":"instance_name"},{"data_type":"varchar","dimension_name":"os_version"},{"data_type":"varchar","dimension_name":"cell"},{"data_type":"varchar","dimension_name":"region"},{"data_type":"varchar","dimension_name":"silo"},{"data_type":"varchar","dimension_name":"instance_type"}] |
| cpu_nice           | double          | [{"data_type":"varchar","dimension_name":"availability_zone"},{"data_type":"varchar","dimension_name":"microservice_name"},{"data_type":"varchar","dimension_name":"instance_name"},{"data_type":"varchar","dimension_name":"os_version"},{"data_type":"varchar","dimension_name":"cell"},{"data_type":"varchar","dimension_name":"region"},{"data_type":"varchar","dimension_name":"silo"},{"data_type":"varchar","dimension_name":"instance_type"}] |
| cpu_si             | double          | [{"data_type":"varchar","dimension_name":"availability_zone"},{"data_type":"varchar","dimension_name":"microservice_name"},{"data_type":"varchar","dimension_name":"instance_name"},{"data_type":"varchar","dimension_name":"os_version"},{"data_type":"varchar","dimension_name":"cell"},{"data_type":"varchar","dimension_name":"region"},{"data_type":"varchar","dimension_name":"silo"},{"data_type":"varchar","dimension_name":"instance_type"}] |
| cpu_steal          | double          | [{"data_type":"varchar","dimension_name":"availability_zone"},{"data_type":"varchar","dimension_name":"microservice_name"},{"data_type":"varchar","dimension_name":"instance_name"},{"data_type":"varchar","dimension_name":"os_version"},{"data_type":"varchar","dimension_name":"cell"},{"data_type":"varchar","dimension_name":"region"},{"data_type":"varchar","dimension_name":"silo"},{"data_type":"varchar","dimension_name":"instance_type"}] |
| cpu_system         | double          | [{"data_type":"varchar","dimension_name":"availability_zone"},{"data_type":"varchar","dimension_name":"microservice_name"},{"data_type":"varchar","dimension_name":"instance_name"},{"data_type":"varchar","dimension_name":"os_version"},{"data_type":"varchar","dimension_name":"cell"},{"data_type":"varchar","dimension_name":"region"},{"data_type":"varchar","dimension_name":"silo"},{"data_type":"varchar","dimension_name":"instance_type"}] |
| cpu_user           | double          | [{"data_type":"varchar","dimension_name":"availability_zone"},{"data_type":"varchar","dimension_name":"microservice_name"},{"data_type":"varchar","dimension_name":"instance_name"},{"data_type":"varchar","dimension_name":"os_version"},{"data_type":"varchar","dimension_name":"cell"},{"data_type":"varchar","dimension_name":"region"},{"data_type":"varchar","dimension_name":"silo"},{"data_type":"varchar","dimension_name":"instance_type"}] |
| disk_free          | double          | [{"data_type":"varchar","dimension_name":"availability_zone"},{"data_type":"varchar","dimension_name":"microservice_name"},{"data_type":"varchar","dimension_name":"instance_name"},{"data_type":"varchar","dimension_name":"os_version"},{"data_type":"varchar","dimension_name":"cell"},{"data_type":"varchar","dimension_name":"region"},{"data_type":"varchar","dimension_name":"silo"},{"data_type":"varchar","dimension_name":"instance_type"}] |
| ...                | ...             | ...                                                                                                                                                                                                                                                                                                                                                                                                                                                   |
+--------------------+-----------------+-------------------------------------------------------------------------------------------------------------------------------------------------------------------------------------------------------------------------------------------------------------------------------------------------------------------------------------------------------------------------------------------------------------------------------------------------------+


====== TEST DATA RESPONSE (arrow base64) ======
FRAME=QVJST1cxAAD/////WAIAABAAAAAAAAoADgAMAAsABAAKAAAAFAAAAAAAAAEDAAoADAAAAAgABAAKAAAACAAAAHQAAAADAAAATAAAACgAAAAEAAAARP7//wgAAAAMAAAAAAAAAAAAAAAFAAAAcmVmSWQAAABk/v//CAAAAAwAAAAAAAAAAAAAAAQAAABuYW1lAAAAAIT+//8IAAAADAAAAAIAAAB7fQAABAAAAG1ldGEAAAAAAwAAADgBAADEAAAAGAAAAAAAEgAYABQAAAATAAwAAAAIAAQAEgAAABQAAACIAAAAiAAAAAAAAAWEAAAAAgAAADAAAAAEAAAA7P7//wgAAAAUAAAACgAAAGRpbWVuc2lvbnMAAAQAAABuYW1lAAAAABT///8IAAAAMAAAACYAAAB7ImN1c3RvbSI6eyJkaXNwbGF5TW9kZSI6Impzb24tdmlldyJ9fQAABgAAAGNvbmZpZwAAAAAAACT///8KAAAAZGltZW5zaW9ucwAAov///xQAAABAAAAAQAAAAAAABQE8AAAAAQAAAAQAAACQ////CAAAABQAAAAJAAAAZGF0YV90eXBlAAAABAAAAG5hbWUAAAAAAAAAAIT///8JAAAAZGF0YV90eXBlABIAGAAUABMAEgAMAAAACAAEABIAAAAUAAAATAAAAFAAAAAAAAUBTAAAAAEAAAAMAAAACAAMAAgABAAIAAAACAAAABgAAAAMAAAAbWVhc3VyZV9uYW1lAAAAAAQAAABuYW1lAAAAAAAAAAAEAAQABAAAAAwAAABtZWFzdXJlX25hbWUAAAAAAAAAAP////8YAQAAFAAAAAAAAAAMABYAFAATAAwABAAMAAAA6CsAAAAAAAAUAAAAAAAAAwMACgAYAAwACAAEAAoAAAAUAAAAqAAAABgAAAAAAAAAAAAAAAkAAAAAAAAAAAAAAAAAAAAAAAAAAAAAAAAAAABoAAAAAAAAAGgAAAAAAAAAIAEAAAAAAACIAQAAAAAAAAAAAAAAAAAAiAEAAAAAAABoAAAAAAAAAPABAAAAAAAAmAAAAAAAAACIAgAAAAAAAAAAAAAAAAAAiAIAAAAAAABoAAAAAAAAAPACAAAAAAAA+CgAAAAAAAAAAAAAAwAAABgAAAAAAAAAAAAAAAAAAAAYAAAAAAAAAAAAAAAAAAAAGAAAAAAAAAAAAAAAAAAAAAAAAAAGAAAADgAAABgAAAAgAAAAJgAAAC8AAAA5AAAAQQAAAEoAAABXAAAAZQAAAG4AAACFAAAAjQAAAJkAAACpAAAAugAAAMcAAADSAAAA3QAAAO0AAAD+AAAADAEAABoBAAAAAAAAY3B1X2hpY3B1X2lkbGVjcHVfaW93YWl0Y3B1X25pY2VjcHVfc2ljcHVfc3RlYWxjcHVfc3lzdGVtY3B1X3VzZXJkaXNrX2ZyZWVkaXNrX2lvX3JlYWRzZGlza19pb193cml0ZXNkaXNrX3VzZWRmaWxlX2Rlc2NyaXB0b3JzX2luX3VzZWdjX3BhdXNlZ2NfcmVjbGFpbWVkbGF0ZW5jeV9wZXJfcmVhZGxhdGVuY3lfcGVyX3dyaXRlbWVtb3J5X2NhY2hlZG1lbW9yeV9mcmVlbWVtb3J5X3VzZWRuZXR3b3JrX2J5dGVzX2lubmV0d29ya19ieXRlc19vdXR0YXNrX2NvbXBsZXRlZHRhc2tfZW5kX3N0YXRlAAAAAAAAAAAAAAYAAAAMAAAAEgAAABgAAAAeAAAAJAAAACoAAAAwAAAANgAAADwAAABCAAAASAAAAE4AAABUAAAAWgAAAGAAAABmAAAAbAAAAHIAAAB4AAAAfgAAAIQAAACKAAAAkQAAAAAAAABkb3VibGVkb3VibGVkb3VibGVkb3VibGVkb3VibGVkb3VibGVkb3VibGVkb3VibGVkb3VibGVkb3VibGVkb3VibGVkb3VibGVkb3VibGVkb3VibGVkb3VibGVkb3VibGVkb3VibGVkb3VibGVkb3VibGVkb3VibGVkb3VibGVkb3VibGViaWdpbnR2YXJjaGFyAAAAAAAAAAAAAAC1AQAAagMAAB8FAADUBgAAiQgAAD4KAADzCwAAqA0AAF0PAAASEQAAxxIAAHwUAAAxFgAA5hcAAJsZAABQGwAABR0AALoeAABvIAAAJCIAANkjAACOJQAAQycAAPgoAAAAAAAAW3siZGF0YV90eXBlIjoidmFyY2hhciIsImRpbWVuc2lvbl9uYW1lIjoiYXZhaWxhYmlsaXR5X3pvbmUifSx7ImRhdGFfdHlwZSI6InZhcmNoYXIiLCJkaW1lbnNpb25fbmFtZSI6Im1pY3Jvc2VydmljZV9uYW1lIn0seyJkYXRhX3R5cGUiOiJ2YXJjaGFyIiwiZGltZW5zaW9uX25hbWUiOiJpbnN0YW5jZV9uYW1lIn0seyJkYXRhX3R5cGUiOiJ2YXJjaGFyIiwiZGltZW5zaW9uX25hbWUiOiJvc192ZXJzaW9uIn0seyJkYXRhX3R5cGUiOiJ2YXJjaGFyIiwiZGltZW5zaW9uX25hbWUiOiJjZWxsIn0seyJkYXRhX3R5cGUiOiJ2YXJjaGFyIiwiZGltZW5zaW9uX25hbWUiOiJyZWdpb24ifSx7ImRhdGFfdHlwZSI6InZhcmNoYXIiLCJkaW1lbnNpb25fbmFtZSI6InNpbG8ifSx7ImRhdGFfdHlwZSI6InZhcmNoYXIiLCJkaW1lbnNpb25fbmFtZSI6Imluc3RhbmNlX3R5cGUifV1beyJkYXRhX3R5cGUiOiJ2YXJjaGFyIiwiZGltZW5zaW9uX25hbWUiOiJhdmFpbGFiaWxpdHlfem9uZSJ9LHsiZGF0YV90eXBlIjoidmFyY2hhciIsImRpbWVuc2lvbl9uYW1lIjoibWljcm9zZXJ2aWNlX25hbWUifSx7ImRhdGFfdHlwZSI6InZhcmNoYXIiLCJkaW1lbnNpb25fbmFtZSI6Imluc3RhbmNlX25hbWUifSx7ImRhdGFfdHlwZSI6InZhcmNoYXIiLCJkaW1lbnNpb25fbmFtZSI6Im9zX3ZlcnNpb24ifSx7ImRhdGFfdHlwZSI6InZhcmNoYXIiLCJkaW1lbnNpb25fbmFtZSI6ImNlbGwifSx7ImRhdGFfdHlwZSI6InZhcmNoYXIiLCJkaW1lbnNpb25fbmFtZSI6InJlZ2lvbiJ9LHsiZGF0YV90eXBlIjoidmFyY2hhciIsImRpbWVuc2lvbl9uYW1lIjoic2lsbyJ9LHsiZGF0YV90eXBlIjoidmFyY2hhciIsImRpbWVuc2lvbl9uYW1lIjoiaW5zdGFuY2VfdHlwZSJ9XVt7ImRhdGFfdHlwZSI6InZhcmNoYXIiLCJkaW1lbnNpb25fbmFtZSI6ImF2YWlsYWJpbGl0eV96b25lIn0seyJkYXRhX3R5cGUiOiJ2YXJjaGFyIiwiZGltZW5zaW9uX25hbWUiOiJtaWNyb3NlcnZpY2VfbmFtZSJ9LHsiZGF0YV90eXBlIjoidmFyY2hhciIsImRpbWVuc2lvbl9uYW1lIjoiaW5zdGFuY2VfbmFtZSJ9LHsiZGF0YV90eXBlIjoidmFyY2hhciIsImRpbWVuc2lvbl9uYW1lIjoib3NfdmVyc2lvbiJ9LHsiZGF0YV90eXBlIjoidmFyY2hhciIsImRpbWVuc2lvbl9uYW1lIjoiY2VsbCJ9LHsiZGF0YV90eXBlIjoidmFyY2hhciIsImRpbWVuc2lvbl9uYW1lIjoicmVnaW9uIn0seyJkYXRhX3R5cGUiOiJ2YXJjaGFyIiwiZGltZW5zaW9uX25hbWUiOiJzaWxvIn0seyJkYXRhX3R5cGUiOiJ2YXJjaGFyIiwiZGltZW5zaW9uX25hbWUiOiJpbnN0YW5jZV90eXBlIn1dW3siZGF0YV90eXBlIjoidmFyY2hhciIsImRpbWVuc2lvbl9uYW1lIjoiYXZhaWxhYmlsaXR5X3pvbmUifSx7ImRhdGFfdHlwZSI6InZhcmNoYXIiLCJkaW1lbnNpb25fbmFtZSI6Im1pY3Jvc2VydmljZV9uYW1lIn0seyJkYXRhX3R5cGUiOiJ2YXJjaGFyIiwiZGltZW5zaW9uX25hbWUiOiJpbnN0YW5jZV9uYW1lIn0seyJkYXRhX3R5cGUiOiJ2YXJjaGFyIiwiZGltZW5zaW9uX25hbWUiOiJvc192ZXJzaW9uIn0seyJkYXRhX3R5cGUiOiJ2YXJjaGFyIiwiZGltZW5zaW9uX25hbWUiOiJjZWxsIn0seyJkYXRhX3R5cGUiOiJ2YXJjaGFyIiwiZGltZW5zaW9uX25hbWUiOiJyZWdpb24ifSx7ImRhdGFfdHlwZSI6InZhcmNoYXIiLCJkaW1lbnNpb25fbmFtZSI6InNpbG8ifSx7ImRhdGFfdHlwZSI6InZhcmNoYXIiLCJkaW1lbnNpb25fbmFtZSI6Imluc3RhbmNlX3R5cGUifV1beyJkYXRhX3R5cGUiOiJ2YXJjaGFyIiwiZGltZW5zaW9uX25hbWUiOiJhdmFpbGFiaWxpdHlfem9uZSJ9LHsiZGF0YV90eXBlIjoidmFyY2hhciIsImRpbWVuc2lvbl9uYW1lIjoibWljcm9zZXJ2aWNlX25hbWUifSx7ImRhdGFfdHlwZSI6InZhcmNoYXIiLCJkaW1lbnNpb25fbmFtZSI6Imluc3RhbmNlX25hbWUifSx7ImRhdGFfdHlwZSI6InZhcmNoYXIiLCJkaW1lbnNpb25fbmFtZSI6Im9zX3ZlcnNpb24ifSx7ImRhdGFfdHlwZSI6InZhcmNoYXIiLCJkaW1lbnNpb25fbmFtZSI6ImNlbGwifSx7ImRhdGFfdHlwZSI6InZhcmNoYXIiLCJkaW1lbnNpb25fbmFtZSI6InJlZ2lvbiJ9LHsiZGF0YV90eXBlIjoidmFyY2hhciIsImRpbWVuc2lvbl9uYW1lIjoic2lsbyJ9LHsiZGF0YV90eXBlIjoidmFyY2hhciIsImRpbWVuc2lvbl9uYW1lIjoiaW5zdGFuY2VfdHlwZSJ9XVt7ImRhdGFfdHlwZSI6InZhcmNoYXIiLCJkaW1lbnNpb25fbmFtZSI6ImF2YWlsYWJpbGl0eV96b25lIn0seyJkYXRhX3R5cGUiOiJ2YXJjaGFyIiwiZGltZW5zaW9uX25hbWUiOiJtaWNyb3NlcnZpY2VfbmFtZSJ9LHsiZGF0YV90eXBlIjoidmFyY2hhciIsImRpbWVuc2lvbl9uYW1lIjoiaW5zdGFuY2VfbmFtZSJ9LHsiZGF0YV90eXBlIjoidmFyY2hhciIsImRpbWVuc2lvbl9uYW1lIjoib3NfdmVyc2lvbiJ9LHsiZGF0YV90eXBlIjoidmFyY2hhciIsImRpbWVuc2lvbl9uYW1lIjoiY2VsbCJ9LHsiZGF0YV90eXBlIjoidmFyY2hhciIsImRpbWVuc2lvbl9uYW1lIjoicmVnaW9uIn0seyJkYXRhX3R5cGUiOiJ2YXJjaGFyIiwiZGltZW5zaW9uX25hbWUiOiJzaWxvIn0seyJkYXRhX3R5cGUiOiJ2YXJjaGFyIiwiZGltZW5zaW9uX25hbWUiOiJpbnN0YW5jZV90eXBlIn1dW3siZGF0YV90eXBlIjoidmFyY2hhciIsImRpbWVuc2lvbl9uYW1lIjoiYXZhaWxhYmlsaXR5X3pvbmUifSx7ImRhdGFfdHlwZSI6InZhcmNoYXIiLCJkaW1lbnNpb25fbmFtZSI6Im1pY3Jvc2VydmljZV9uYW1lIn0seyJkYXRhX3R5cGUiOiJ2YXJjaGFyIiwiZGltZW5zaW9uX25hbWUiOiJpbnN0YW5jZV9uYW1lIn0seyJkYXRhX3R5cGUiOiJ2YXJjaGFyIiwiZGltZW5zaW9uX25hbWUiOiJvc192ZXJzaW9uIn0seyJkYXRhX3R5cGUiOiJ2YXJjaGFyIiwiZGltZW5zaW9uX25hbWUiOiJjZWxsIn0seyJkYXRhX3R5cGUiOiJ2YXJjaGFyIiwiZGltZW5zaW9uX25hbWUiOiJyZWdpb24ifSx7ImRhdGFfdHlwZSI6InZhcmNoYXIiLCJkaW1lbnNpb25fbmFtZSI6InNpbG8ifSx7ImRhdGFfdHlwZSI6InZhcmNoYXIiLCJkaW1lbnNpb25fbmFtZSI6Imluc3RhbmNlX3R5cGUifV1beyJkYXRhX3R5cGUiOiJ2YXJjaGFyIiwiZGltZW5zaW9uX25hbWUiOiJhdmFpbGFiaWxpdHlfem9uZSJ9LHsiZGF0YV90eXBlIjoidmFyY2hhciIsImRpbWVuc2lvbl9uYW1lIjoibWljcm9zZXJ2aWNlX25hbWUifSx7ImRhdGFfdHlwZSI6InZhcmNoYXIiLCJkaW1lbnNpb25fbmFtZSI6Imluc3RhbmNlX25hbWUifSx7ImRhdGFfdHlwZSI6InZhcmNoYXIiLCJkaW1lbnNpb25fbmFtZSI6Im9zX3ZlcnNpb24ifSx7ImRhdGFfdHlwZSI6InZhcmNoYXIiLCJkaW1lbnNpb25fbmFtZSI6ImNlbGwifSx7ImRhdGFfdHlwZSI6InZhcmNoYXIiLCJkaW1lbnNpb25fbmFtZSI6InJlZ2lvbiJ9LHsiZGF0YV90eXBlIjoidmFyY2hhciIsImRpbWVuc2lvbl9uYW1lIjoic2lsbyJ9LHsiZGF0YV90eXBlIjoidmFyY2hhciIsImRpbWVuc2lvbl9uYW1lIjoiaW5zdGFuY2VfdHlwZSJ9XVt7ImRhdGFfdHlwZSI6InZhcmNoYXIiLCJkaW1lbnNpb25fbmFtZSI6ImF2YWlsYWJpbGl0eV96b25lIn0seyJkYXRhX3R5cGUiOiJ2YXJjaGFyIiwiZGltZW5zaW9uX25hbWUiOiJtaWNyb3NlcnZpY2VfbmFtZSJ9LHsiZGF0YV90eXBlIjoidmFyY2hhciIsImRpbWVuc2lvbl9uYW1lIjoiaW5zdGFuY2VfbmFtZSJ9LHsiZGF0YV90eXBlIjoidmFyY2hhciIsImRpbWVuc2lvbl9uYW1lIjoib3NfdmVyc2lvbiJ9LHsiZGF0YV90eXBlIjoidmFyY2hhciIsImRpbWVuc2lvbl9uYW1lIjoiY2VsbCJ9LHsiZGF0YV90eXBlIjoidmFyY2hhciIsImRpbWVuc2lvbl9uYW1lIjoicmVnaW9uIn0seyJkYXRhX3R5cGUiOiJ2YXJjaGFyIiwiZGltZW5zaW9uX25hbWUiOiJzaWxvIn0seyJkYXRhX3R5cGUiOiJ2YXJjaGFyIiwiZGltZW5zaW9uX25hbWUiOiJpbnN0YW5jZV90eXBlIn1dW3siZGF0YV90eXBlIjoidmFyY2hhciIsImRpbWVuc2lvbl9uYW1lIjoiYXZhaWxhYmlsaXR5X3pvbmUifSx7ImRhdGFfdHlwZSI6InZhcmNoYXIiLCJkaW1lbnNpb25fbmFtZSI6Im1pY3Jvc2VydmljZV9uYW1lIn0seyJkYXRhX3R5cGUiOiJ2YXJjaGFyIiwiZGltZW5zaW9uX25hbWUiOiJpbnN0YW5jZV9uYW1lIn0seyJkYXRhX3R5cGUiOiJ2YXJjaGFyIiwiZGltZW5zaW9uX25hbWUiOiJvc192ZXJzaW9uIn0seyJkYXRhX3R5cGUiOiJ2YXJjaGFyIiwiZGltZW5zaW9uX25hbWUiOiJjZWxsIn0seyJkYXRhX3R5cGUiOiJ2YXJjaGFyIiwiZGltZW5zaW9uX25hbWUiOiJyZWdpb24ifSx7ImRhdGFfdHlwZSI6InZhcmNoYXIiLCJkaW1lbnNpb25fbmFtZSI6InNpbG8ifSx7ImRhdGFfdHlwZSI6InZhcmNoYXIiLCJkaW1lbnNpb25fbmFtZSI6Imluc3RhbmNlX3R5cGUifV1beyJkYXRhX3R5cGUiOiJ2YXJjaGFyIiwiZGltZW5zaW9uX25hbWUiOiJhdmFpbGFiaWxpdHlfem9uZSJ9LHsiZGF0YV90eXBlIjoidmFyY2hhciIsImRpbWVuc2lvbl9uYW1lIjoibWljcm9zZXJ2aWNlX25hbWUifSx7ImRhdGFfdHlwZSI6InZhcmNoYXIiLCJkaW1lbnNpb25fbmFtZSI6Imluc3RhbmNlX25hbWUifSx7ImRhdGFfdHlwZSI6InZhcmNoYXIiLCJkaW1lbnNpb25fbmFtZSI6Im9zX3ZlcnNpb24ifSx7ImRhdGFfdHlwZSI6InZhcmNoYXIiLCJkaW1lbnNpb25fbmFtZSI6ImNlbGwifSx7ImRhdGFfdHlwZSI6InZhcmNoYXIiLCJkaW1lbnNpb25fbmFtZSI6InJlZ2lvbiJ9LHsiZGF0YV90eXBlIjoidmFyY2hhciIsImRpbWVuc2lvbl9uYW1lIjoic2lsbyJ9LHsiZGF0YV90eXBlIjoidmFyY2hhciIsImRpbWVuc2lvbl9uYW1lIjoiaW5zdGFuY2VfdHlwZSJ9XVt7ImRhdGFfdHlwZSI6InZhcmNoYXIiLCJkaW1lbnNpb25fbmFtZSI6ImF2YWlsYWJpbGl0eV96b25lIn0seyJkYXRhX3R5cGUiOiJ2YXJjaGFyIiwiZGltZW5zaW9uX25hbWUiOiJtaWNyb3NlcnZpY2VfbmFtZSJ9LHsiZGF0YV90eXBlIjoidmFyY2hhciIsImRpbWVuc2lvbl9uYW1lIjoiaW5zdGFuY2VfbmFtZSJ9LHsiZGF0YV90eXBlIjoidmFyY2hhciIsImRpbWVuc2lvbl9uYW1lIjoib3NfdmVyc2lvbiJ9LHsiZGF0YV90eXBlIjoidmFyY2hhciIsImRpbWVuc2lvbl9uYW1lIjoiY2VsbCJ9LHsiZGF0YV90eXBlIjoidmFyY2hhciIsImRpbWVuc2lvbl9uYW1lIjoicmVnaW9uIn0seyJkYXRhX3R5cGUiOiJ2YXJjaGFyIiwiZGltZW5zaW9uX25hbWUiOiJzaWxvIn0seyJkYXRhX3R5cGUiOiJ2YXJjaGFyIiwiZGltZW5zaW9uX25hbWUiOiJpbnN0YW5jZV90eXBlIn1dW3siZGF0YV90eXBlIjoidmFyY2hhciIsImRpbWVuc2lvbl9uYW1lIjoiYXZhaWxhYmlsaXR5X3pvbmUifSx7ImRhdGFfdHlwZSI6InZhcmNoYXIiLCJkaW1lbnNpb25fbmFtZSI6Im1pY3Jvc2VydmljZV9uYW1lIn0seyJkYXRhX3R5cGUiOiJ2YXJjaGFyIiwiZGltZW5zaW9uX25hbWUiOiJpbnN0YW5jZV9uYW1lIn0seyJkYXRhX3R5cGUiOiJ2YXJjaGFyIiwiZGltZW5zaW9uX25hbWUiOiJvc192ZXJzaW9uIn0seyJkYXRhX3R5cGUiOiJ2YXJjaGFyIiwiZGltZW5zaW9uX25hbWUiOiJjZWxsIn0seyJkYXRhX3R5cGUiOiJ2YXJjaGFyIiwiZGltZW5zaW9uX25hbWUiOiJyZWdpb24ifSx7ImRhdGFfdHlwZSI6InZhcmNoYXIiLCJkaW1lbnNpb25fbmFtZSI6InNpbG8ifSx7ImRhdGFfdHlwZSI6InZhcmNoYXIiLCJkaW1lbnNpb25fbmFtZSI6Imluc3RhbmNlX3R5cGUifV1beyJkYXRhX3R5cGUiOiJ2YXJjaGFyIiwiZGltZW5zaW9uX25hbWUiOiJhdmFpbGFiaWxpdHlfem9uZSJ9LHsiZGF0YV90eXBlIjoidmFyY2hhciIsImRpbWVuc2lvbl9uYW1lIjoibWljcm9zZXJ2aWNlX25hbWUifSx7ImRhdGFfdHlwZSI6InZhcmNoYXIiLCJkaW1lbnNpb25fbmFtZSI6Imluc3RhbmNlX25hbWUifSx7ImRhdGFfdHlwZSI6InZhcmNoYXIiLCJkaW1lbnNpb25fbmFtZSI6InByb2Nlc3NfbmFtZSJ9LHsiZGF0YV90eXBlIjoidmFyY2hhciIsImRpbWVuc2lvbl9uYW1lIjoiamRrX3ZlcnNpb24ifSx7ImRhdGFfdHlwZSI6InZhcmNoYXIiLCJkaW1lbnNpb25fbmFtZSI6ImNlbGwifSx7ImRhdGFfdHlwZSI6InZhcmNoYXIiLCJkaW1lbnNpb25fbmFtZSI6InJlZ2lvbiJ9LHsiZGF0YV90eXBlIjoidmFyY2hhciIsImRpbWVuc2lvbl9uYW1lIjoic2lsbyJ9XVt7ImRhdGFfdHlwZSI6InZhcmNoYXIiLCJkaW1lbnNpb25fbmFtZSI6ImF2YWlsYWJpbGl0eV96b25lIn0seyJkYXRhX3R5cGUiOiJ2YXJjaGFyIiwiZGltZW5zaW9uX25hbWUiOiJtaWNyb3NlcnZpY2VfbmFtZSJ9LHsiZGF0YV90eXBlIjoidmFyY2hhciIsImRpbWVuc2lvbl9uYW1lIjoiaW5zdGFuY2VfbmFtZSJ9LHsiZGF0YV90eXBlIjoidmFyY2hhciIsImRpbWVuc2lvbl9uYW1lIjoicHJvY2Vzc19uYW1lIn0seyJkYXRhX3R5cGUiOiJ2YXJjaGFyIiwiZGltZW5zaW9uX25hbWUiOiJqZGtfdmVyc2lvbiJ9LHsiZGF0YV90eXBlIjoidmFyY2hhciIsImRpbWVuc2lvbl9uYW1lIjoiY2VsbCJ9LHsiZGF0YV90eXBlIjoidmFyY2hhciIsImRpbWVuc2lvbl9uYW1lIjoicmVnaW9uIn0seyJkYXRhX3R5cGUiOiJ2YXJjaGFyIiwiZGltZW5zaW9uX25hbWUiOiJzaWxvIn1dW3siZGF0YV90eXBlIjoidmFyY2hhciIsImRpbWVuc2lvbl9uYW1lIjoiYXZhaWxhYmlsaXR5X3pvbmUifSx7ImRhdGFfdHlwZSI6InZhcmNoYXIiLCJkaW1lbnNpb25fbmFtZSI6Im1pY3Jvc2VydmljZV9uYW1lIn0seyJkYXRhX3R5cGUiOiJ2YXJjaGFyIiwiZGltZW5zaW9uX25hbWUiOiJpbnN0YW5jZV9uYW1lIn0seyJkYXRhX3R5cGUiOiJ2YXJjaGFyIiwiZGltZW5zaW9uX25hbWUiOiJvc192ZXJzaW9uIn0seyJkYXRhX3R5cGUiOiJ2YXJjaGFyIiwiZGltZW5zaW9uX25hbWUiOiJjZWxsIn0seyJkYXRhX3R5cGUiOiJ2YXJjaGFyIiwiZGltZW5zaW9uX25hbWUiOiJyZWdpb24ifSx7ImRhdGFfdHlwZSI6InZhcmNoYXIiLCJkaW1lbnNpb25fbmFtZSI6InNpbG8ifSx7ImRhdGFfdHlwZSI6InZhcmNoYXIiLCJkaW1lbnNpb25fbmFtZSI6Imluc3RhbmNlX3R5cGUifV1beyJkYXRhX3R5cGUiOiJ2YXJjaGFyIiwiZGltZW5zaW9uX25hbWUiOiJhdmFpbGFiaWxpdHlfem9uZSJ9LHsiZGF0YV90eXBlIjoidmFyY2hhciIsImRpbWVuc2lvbl9uYW1lIjoibWljcm9zZXJ2aWNlX25hbWUifSx7ImRhdGFfdHlwZSI6InZhcmNoYXIiLCJkaW1lbnNpb25fbmFtZSI6Imluc3RhbmNlX25hbWUifSx7ImRhdGFfdHlwZSI6InZhcmNoYXIiLCJkaW1lbnNpb25fbmFtZSI6Im9zX3ZlcnNpb24ifSx7ImRhdGFfdHlwZSI6InZhcmNoYXIiLCJkaW1lbnNpb25fbmFtZSI6ImNlbGwifSx7ImRhdGFfdHlwZSI6InZhcmNoYXIiLCJkaW1lbnNpb25fbmFtZSI6InJlZ2lvbiJ9LHsiZGF0YV90eXBlIjoidmFyY2hhciIsImRpbWVuc2lvbl9uYW1lIjoic2lsbyJ9LHsiZGF0YV90eXBlIjoidmFyY2hhciIsImRpbWVuc2lvbl9uYW1lIjoiaW5zdGFuY2VfdHlwZSJ9XVt7ImRhdGFfdHlwZSI6InZhcmNoYXIiLCJkaW1lbnNpb25fbmFtZSI6ImF2YWlsYWJpbGl0eV96b25lIn0seyJkYXRhX3R5cGUiOiJ2YXJjaGFyIiwiZGltZW5zaW9uX25hbWUiOiJtaWNyb3NlcnZpY2VfbmFtZSJ9LHsiZGF0YV90eXBlIjoidmFyY2hhciIsImRpbWVuc2lvbl9uYW1lIjoiaW5zdGFuY2VfbmFtZSJ9LHsiZGF0YV90eXBlIjoidmFyY2hhciIsImRpbWVuc2lvbl9uYW1lIjoib3NfdmVyc2lvbiJ9LHsiZGF0YV90eXBlIjoidmFyY2hhciIsImRpbWVuc2lvbl9uYW1lIjoiY2VsbCJ9LHsiZGF0YV90eXBlIjoidmFyY2hhciIsImRpbWVuc2lvbl9uYW1lIjoicmVnaW9uIn0seyJkYXRhX3R5cGUiOiJ2YXJjaGFyIiwiZGltZW5zaW9uX25hbWUiOiJzaWxvIn0seyJkYXRhX3R5cGUiOiJ2YXJjaGFyIiwiZGltZW5zaW9uX25hbWUiOiJpbnN0YW5jZV90eXBlIn1dW3siZGF0YV90eXBlIjoidmFyY2hhciIsImRpbWVuc2lvbl9uYW1lIjoiYXZhaWxhYmlsaXR5X3pvbmUifSx7ImRhdGFfdHlwZSI6InZhcmNoYXIiLCJkaW1lbnNpb25fbmFtZSI6Im1pY3Jvc2VydmljZV9uYW1lIn0seyJkYXRhX3R5cGUiOiJ2YXJjaGFyIiwiZGltZW5zaW9uX25hbWUiOiJpbnN0YW5jZV9uYW1lIn0seyJkYXRhX3R5cGUiOiJ2YXJjaGFyIiwiZGltZW5zaW9uX25hbWUiOiJvc192ZXJzaW9uIn0seyJkYXRhX3R5cGUiOiJ2YXJjaGFyIiwiZGltZW5zaW9uX25hbWUiOiJjZWxsIn0seyJkYXRhX3R5cGUiOiJ2YXJjaGFyIiwiZGltZW5zaW9uX25hbWUiOiJyZWdpb24ifSx7ImRhdGFfdHlwZSI6InZhcmNoYXIiLCJkaW1lbnNpb25fbmFtZSI6InNpbG8ifSx7ImRhdGFfdHlwZSI6InZhcmNoYXIiLCJkaW1lbnNpb25fbmFtZSI6Imluc3RhbmNlX3R5cGUifV1beyJkYXRhX3R5cGUiOiJ2YXJjaGFyIiwiZGltZW5zaW9uX25hbWUiOiJhdmFpbGFiaWxpdHlfem9uZSJ9LHsiZGF0YV90eXBlIjoidmFyY2hhciIsImRpbWVuc2lvbl9uYW1lIjoibWljcm9zZXJ2aWNlX25hbWUifSx7ImRhdGFfdHlwZSI6InZhcmNoYXIiLCJkaW1lbnNpb25fbmFtZSI6Imluc3RhbmNlX25hbWUifSx7ImRhdGFfdHlwZSI6InZhcmNoYXIiLCJkaW1lbnNpb25fbmFtZSI6Im9zX3ZlcnNpb24ifSx7ImRhdGFfdHlwZSI6InZhcmNoYXIiLCJkaW1lbnNpb25fbmFtZSI6ImNlbGwifSx7ImRhdGFfdHlwZSI6InZhcmNoYXIiLCJkaW1lbnNpb25fbmFtZSI6InJlZ2lvbiJ9LHsiZGF0YV90eXBlIjoidmFyY2hhciIsImRpbWVuc2lvbl9uYW1lIjoic2lsbyJ9LHsiZGF0YV90eXBlIjoidmFyY2hhciIsImRpbWVuc2lvbl9uYW1lIjoiaW5zdGFuY2VfdHlwZSJ9XVt7ImRhdGFfdHlwZSI6InZhcmNoYXIiLCJkaW1lbnNpb25fbmFtZSI6ImF2YWlsYWJpbGl0eV96b25lIn0seyJkYXRhX3R5cGUiOiJ2YXJjaGFyIiwiZGltZW5zaW9uX25hbWUiOiJtaWNyb3NlcnZpY2VfbmFtZSJ9LHsiZGF0YV90eXBlIjoidmFyY2hhciIsImRpbWVuc2lvbl9uYW1lIjoiaW5zdGFuY2VfbmFtZSJ9LHsiZGF0YV90eXBlIjoidmFyY2hhciIsImRpbWVuc2lvbl9uYW1lIjoib3NfdmVyc2lvbiJ9LHsiZGF0YV90eXBlIjoidmFyY2hhciIsImRpbWVuc2lvbl9uYW1lIjoiY2VsbCJ9LHsiZGF0YV90eXBlIjoidmFyY2hhciIsImRpbWVuc2lvbl9uYW1lIjoicmVnaW9uIn0seyJkYXRhX3R5cGUiOiJ2YXJjaGFyIiwiZGltZW5zaW9uX25hbWUiOiJzaWxvIn0seyJkYXRhX3R5cGUiOiJ2YXJjaGFyIiwiZGltZW5zaW9uX25hbWUiOiJpbnN0YW5jZV90eXBlIn1dW3siZGF0YV90eXBlIjoidmFyY2hhciIsImRpbWVuc2lvbl9uYW1lIjoiYXZhaWxhYmlsaXR5X3pvbmUifSx7ImRhdGFfdHlwZSI6InZhcmNoYXIiLCJkaW1lbnNpb25fbmFtZSI6Im1pY3Jvc2VydmljZV9uYW1lIn0seyJkYXRhX3R5cGUiOiJ2YXJjaGFyIiwiZGltZW5zaW9uX25hbWUiOiJpbnN0YW5jZV9uYW1lIn0seyJkYXRhX3R5cGUiOiJ2YXJjaGFyIiwiZGltZW5zaW9uX25hbWUiOiJvc192ZXJzaW9uIn0seyJkYXRhX3R5cGUiOiJ2YXJjaGFyIiwiZGltZW5zaW9uX25hbWUiOiJjZWxsIn0seyJkYXRhX3R5cGUiOiJ2YXJjaGFyIiwiZGltZW5zaW9uX25hbWUiOiJyZWdpb24ifSx7ImRhdGFfdHlwZSI6InZhcmNoYXIiLCJkaW1lbnNpb25fbmFtZSI6InNpbG8ifSx7ImRhdGFfdHlwZSI6InZhcmNoYXIiLCJkaW1lbnNpb25fbmFtZSI6Imluc3RhbmNlX3R5cGUifV1beyJkYXRhX3R5cGUiOiJ2YXJjaGFyIiwiZGltZW5zaW9uX25hbWUiOiJhdmFpbGFiaWxpdHlfem9uZSJ9LHsiZGF0YV90eXBlIjoidmFyY2hhciIsImRpbWVuc2lvbl9uYW1lIjoibWljcm9zZXJ2aWNlX25hbWUifSx7ImRhdGFfdHlwZSI6InZhcmNoYXIiLCJkaW1lbnNpb25fbmFtZSI6Imluc3RhbmNlX25hbWUifSx7ImRhdGFfdHlwZSI6InZhcmNoYXIiLCJkaW1lbnNpb25fbmFtZSI6InByb2Nlc3NfbmFtZSJ9LHsiZGF0YV90eXBlIjoidmFyY2hhciIsImRpbWVuc2lvbl9uYW1lIjoiamRrX3ZlcnNpb24ifSx7ImRhdGFfdHlwZSI6InZhcmNoYXIiLCJkaW1lbnNpb25fbmFtZSI6ImNlbGwifSx7ImRhdGFfdHlwZSI6InZhcmNoYXIiLCJkaW1lbnNpb25fbmFtZSI6InJlZ2lvbiJ9LHsiZGF0YV90eXBlIjoidmFyY2hhciIsImRpbWVuc2lvbl9uYW1lIjoic2lsbyJ9XVt7ImRhdGFfdHlwZSI6InZhcmNoYXIiLCJkaW1lbnNpb25fbmFtZSI6ImF2YWlsYWJpbGl0eV96b25lIn0seyJkYXRhX3R5cGUiOiJ2YXJjaGFyIiwiZGltZW5zaW9uX25hbWUiOiJtaWNyb3NlcnZpY2VfbmFtZSJ9LHsiZGF0YV90eXBlIjoidmFyY2hhciIsImRpbWVuc2lvbl9uYW1lIjoiaW5zdGFuY2VfbmFtZSJ9LHsiZGF0YV90eXBlIjoidmFyY2hhciIsImRpbWVuc2lvbl9uYW1lIjoicHJvY2Vzc19uYW1lIn0seyJkYXRhX3R5cGUiOiJ2YXJjaGFyIiwiZGltZW5zaW9uX25hbWUiOiJqZGtfdmVyc2lvbiJ9LHsiZGF0YV90eXBlIjoidmFyY2hhciIsImRpbWVuc2lvbl9uYW1lIjoiY2VsbCJ9LHsiZGF0YV90eXBlIjoidmFyY2hhciIsImRpbWVuc2lvbl9uYW1lIjoicmVnaW9uIn0seyJkYXRhX3R5cGUiOiJ2YXJjaGFyIiwiZGltZW5zaW9uX25hbWUiOiJzaWxvIn1dEAAAAAwAFAASAAwACAAEAAwAAAAQAAAALAAAADgAAAAAAAMAAQAAAGgCAAAAAAAAIAEAAAAAAADoKwAAAAAAAAAAAAAAAAAAAAAKAAwAAAAIAAQACgAAAAgAAAB0AAAAAwAAAEwAAAAoAAAABAAAAET+//8IAAAADAAAAAAAAAAAAAAABQAAAHJlZklkAAAAZP7//wgAAAAMAAAAAAAAAAAAAAAEAAAAbmFtZQAAAACE/v//CAAAAAwAAAACAAAAe30AAAQAAABtZXRhAAAAAAMAAAA4AQAAxAAAABgAAAAAABIAGAAUAAAAEwAMAAAACAAEABIAAAAUAAAAiAAAAIgAAAAAAAAFhAAAAAIAAAAwAAAABAAAAOz+//8IAAAAFAAAAAoAAABkaW1lbnNpb25zAAAEAAAAbmFtZQAAAAAU////CAAAADAAAAAmAAAAeyJjdXN0b20iOnsiZGlzcGxheU1vZGUiOiJqc29uLXZpZXcifX0AAAYAAABjb25maWcAAAAAAAAk////CgAAAGRpbWVuc2lvbnMAAKL///8UAAAAQAAAAEAAAAAAAAUBPAAAAAEAAAAEAAAAkP///wgAAAAUAAAACQAAAGRhdGFfdHlwZQAAAAQAAABuYW1lAAAAAAAAAACE////CQAAAGRhdGFfdHlwZQASABgAFAATABIADAAAAAgABAASAAAAFAAAAEwAAABQAAAAAAAFAUwAAAABAAAADAAAAAgADAAIAAQACAAAAAgAAAAYAAAADAAAAG1lYXN1cmVfbmFtZQAAAAAEAAAAbmFtZQAAAAAAAAAABAAEAAQAAAAMAAAAbWVhc3VyZV9uYW1lAAAAAIACAABBUlJPVzE=
