ðŸŒŸ This was machine generated.  Do not edit. ðŸŒŸ

Frame[0] {}
Name: 
Dimensions: 2 Fields by 26 Rows
+-------------------------------+-----------------------------------------------------------------------------------------------------------------------------------------------------------------------------------------------------------------------------------------------------+
| Name: time                    | Name: gc_reclaimed                                                                                                                                                                                                                                  |
| Labels:                       | Labels: availability_zone=ap-northeast-1-3, cell=ap-northeast-1-cell-5, instance_name=i-zaZswmJk-zeus-0002.amazonaws.com, jdk_version=JDK_11, microservice_name=zeus, process_name=server, region=ap-northeast-1, silo=ap-northeast-1-cell-5-silo-2 |
| Type: []time.Time             | Type: []*float64                                                                                                                                                                                                                                    |
+-------------------------------+-----------------------------------------------------------------------------------------------------------------------------------------------------------------------------------------------------------------------------------------------------+
| 2020-08-27 15:09:27 +0000 UTC | 68.11868749038354                                                                                                                                                                                                                                   |
| 2020-08-27 15:13:41 +0000 UTC | 79.27975929378977                                                                                                                                                                                                                                   |
| 2020-08-27 15:17:45 +0000 UTC | 85.99469252288485                                                                                                                                                                                                                                   |
| 2020-08-27 15:21:58 +0000 UTC | 25.826528663062486                                                                                                                                                                                                                                  |
| 2020-08-27 15:26:09 +0000 UTC | 44.034053691200484                                                                                                                                                                                                                                  |
| 2020-08-27 15:30:23 +0000 UTC | 22.19614040213814                                                                                                                                                                                                                                   |
| 2020-08-27 15:34:37 +0000 UTC | 65.73055973434877                                                                                                                                                                                                                                   |
| 2020-08-27 15:38:54 +0000 UTC | 11.636319293712727                                                                                                                                                                                                                                  |
| 2020-08-27 15:43:02 +0000 UTC | 6.952319429301202                                                                                                                                                                                                                                   |
| ...                           | ...                                                                                                                                                                                                                                                 |
+-------------------------------+-----------------------------------------------------------------------------------------------------------------------------------------------------------------------------------------------------------------------------------------------------+


====== TEST DATA RESPONSE (arrow base64) ======
FRAME=QVJST1cxAAD/////2AIAABAAAAAAAAoADgAMAAsABAAKAAAAFAAAAAAAAAEDAAoADAAAAAgABAAKAAAACAAAAHQAAAADAAAATAAAACgAAAAEAAAAvP3//wgAAAAMAAAAAAAAAAAAAAAFAAAAcmVmSWQAAADc/f//CAAAAAwAAAAAAAAAAAAAAAQAAABuYW1lAAAAAPz9//8IAAAADAAAAAIAAAB7fQAABAAAAG1ldGEAAAAAAgAAAMABAAAYAAAAAAASABgAFAATABIADAAAAAgABAASAAAAFAAAAGwBAABsAQAAAAADAWwBAAACAAAANAAAAAQAAABg/v//CAAAABgAAAAMAAAAZ2NfcmVjbGFpbWVkAAAAAAQAAABuYW1lAAAAAIz+//8IAAAAEAEAAAYBAAB7ImF2YWlsYWJpbGl0eV96b25lIjoiYXAtbm9ydGhlYXN0LTEtMyIsImNlbGwiOiJhcC1ub3J0aGVhc3QtMS1jZWxsLTUiLCJpbnN0YW5jZV9uYW1lIjoiaS16YVpzd21Kay16ZXVzLTAwMDIuYW1hem9uYXdzLmNvbSIsImpka192ZXJzaW9uIjoiSkRLXzExIiwibWljcm9zZXJ2aWNlX25hbWUiOiJ6ZXVzIiwicHJvY2Vzc19uYW1lIjoic2VydmVyIiwicmVnaW9uIjoiYXAtbm9ydGhlYXN0LTEiLCJzaWxvIjoiYXAtbm9ydGhlYXN0LTEtY2VsbC01LXNpbG8tMiJ9AAAGAAAAbGFiZWxzAAAAAAAAgv///wAAAgAMAAAAZ2NfcmVjbGFpbWVkAAASABgAFAAAABMADAAAAAgABAASAAAAFAAAAEQAAABMAAAAAAAACkwAAAABAAAADAAAAAgADAAIAAQACAAAAAgAAAAQAAAABAAAAHRpbWUAAAAABAAAAG5hbWUAAAAAAAAAAAAABgAIAAYABgAAAAAAAwAEAAAAdGltZQAAAAAAAAAA/////7gAAAAUAAAAAAAAAAwAFgAUABMADAAEAAwAAACgAQAAAAAAABQAAAAAAAADAwAKABgADAAIAAQACgAAABQAAABYAAAAGgAAAAAAAAAAAAAABAAAAAAAAAAAAAAAAAAAAAAAAAAAAAAAAAAAANAAAAAAAAAA0AAAAAAAAAAAAAAAAAAAANAAAAAAAAAA0AAAAAAAAAAAAAAAAgAAABoAAAAAAAAAAAAAAAAAAAAaAAAAAAAAAAAAAAAAAAAAAMbxQIooLxYAMoZkxSgvFgC6DjT+KC8WAFwIHDkpLxYAasyMcykvFgDWYLCuKS8WAEL10+kpLxYADFqqJSovFgC8TWhfKi8WAFBNepsqLxYAeIID2CovFgBC59kTKy8WAChAXE0rLxYAhtqpiSsvFgA2zmfDKy8WAF4D8f8rLxYAGm7xPCwvFgAMPrZ5LC8WADRzP7YsLxYA8N0/8ywvFgA++yM1LS8WAOhlJ3wtLxYAktAqwy0vFgByoPIJLi8WACoFzE8uLxYAQDpYli4vFhBpapOYB1FAEGWGk+fRU0Bv19MKqX9VQFsP6WGX0zlA0AER31sERkCMm+RBNjI2QFuznX3BblBAtp54pMtFJ0C0xhDTLM8bQKrYB02Ki0lAoUtGUl1dP0AgIn4WUfdFQMZ+HRm6hTdAeLbvLOrJR0B0bXyw2aNGQEYKzm+6A1VAPvYh8gRKU0B5adz1eWorQFg2hAW/ekBAgc58VfmYRkCVtBdLtbFTQLtQxT+HX1dAXyMAIYH+TUDMQGYUhNU1QDH4r+o/plZAO2FNfs+ARUAQAAAADAAUABIADAAIAAQADAAAABAAAAAsAAAAOAAAAAAAAwABAAAA6AIAAAAAAADAAAAAAAAAAKABAAAAAAAAAAAAAAAAAAAAAAoADAAAAAgABAAKAAAACAAAAHQAAAADAAAATAAAACgAAAAEAAAAvP3//wgAAAAMAAAAAAAAAAAAAAAFAAAAcmVmSWQAAADc/f//CAAAAAwAAAAAAAAAAAAAAAQAAABuYW1lAAAAAPz9//8IAAAADAAAAAIAAAB7fQAABAAAAG1ldGEAAAAAAgAAAMABAAAYAAAAAAASABgAFAATABIADAAAAAgABAASAAAAFAAAAGwBAABsAQAAAAADAWwBAAACAAAANAAAAAQAAABg/v//CAAAABgAAAAMAAAAZ2NfcmVjbGFpbWVkAAAAAAQAAABuYW1lAAAAAIz+//8IAAAAEAEAAAYBAAB7ImF2YWlsYWJpbGl0eV96b25lIjoiYXAtbm9ydGhlYXN0LTEtMyIsImNlbGwiOiJhcC1ub3J0aGVhc3QtMS1jZWxsLTUiLCJpbnN0YW5jZV9uYW1lIjoiaS16YVpzd21Kay16ZXVzLTAwMDIuYW1hem9uYXdzLmNvbSIsImpka192ZXJzaW9uIjoiSkRLXzExIiwibWljcm9zZXJ2aWNlX25hbWUiOiJ6ZXVzIiwicHJvY2Vzc19uYW1lIjoic2VydmVyIiwicmVnaW9uIjoiYXAtbm9ydGhlYXN0LTEiLCJzaWxvIjoiYXAtbm9ydGhlYXN0LTEtY2VsbC01LXNpbG8tMiJ9AAAGAAAAbGFiZWxzAAAAAAAAgv///wAAAgAMAAAAZ2NfcmVjbGFpbWVkAAASABgAFAAAABMADAAAAAgABAASAAAAFAAAAEQAAABMAAAAAAAACkwAAAABAAAADAAAAAgADAAIAAQACAAAAAgAAAAQAAAABAAAAHRpbWUAAAAABAAAAG5hbWUAAAAAAAAAAAAABgAIAAYABgAAAAAAAwAEAAAAdGltZQAAAAAAAwAAQVJST1cx
