ðŸŒŸ This was machine generated.  Do not edit. ðŸŒŸ

Frame[0] {}
Name: 
Dimensions: 2 Fields by 12 Rows
+-------------------------------+-----------------------------------------------------------------------------------------------------------------------------------------------------------------------------------------------------------------------------------------------------+
| Name: time                    | Name: gc_reclaimed                                                                                                                                                                                                                                  |
| Labels:                       | Labels: availability_zone=ap-northeast-1-3, cell=ap-northeast-1-cell-5, instance_name=i-zaZswmJk-zeus-0002.amazonaws.com, jdk_version=JDK_11, microservice_name=zeus, process_name=server, region=ap-northeast-1, silo=ap-northeast-1-cell-5-silo-2 |
| Type: []time.Time             | Type: []*float64                                                                                                                                                                                                                                    |
+-------------------------------+-----------------------------------------------------------------------------------------------------------------------------------------------------------------------------------------------------------------------------------------------------+
| 2020-08-27 16:08:31 +0000 UTC | 45.28008085322918                                                                                                                                                                                                                                   |
| 2020-08-27 16:12:51 +0000 UTC | 84.0582541954146                                                                                                                                                                                                                                    |
| 2020-08-27 16:17:13 +0000 UTC | 77.15655186955061                                                                                                                                                                                                                                   |
| 2020-08-27 16:21:34 +0000 UTC | 13.7079617339666                                                                                                                                                                                                                                    |
| 2020-08-27 16:25:54 +0000 UTC | 32.95895451503446                                                                                                                                                                                                                                   |
| 2020-08-27 16:30:16 +0000 UTC | 45.195109067860365                                                                                                                                                                                                                                  |
| 2020-08-27 16:34:59 +0000 UTC | 78.77669026675206                                                                                                                                                                                                                                   |
| 2020-08-27 16:40:04 +0000 UTC | 93.49262995022848                                                                                                                                                                                                                                   |
| 2020-08-27 16:45:09 +0000 UTC | 59.98831570154902                                                                                                                                                                                                                                   |
| ...                           | ...                                                                                                                                                                                                                                                 |
+-------------------------------+-----------------------------------------------------------------------------------------------------------------------------------------------------------------------------------------------------------------------------------------------------+



Frame[1] 
Name: 
Dimensions: 2 Fields by 12 Rows
+-------------------------------+-----------------------------------------------------------------------------------------------------------------------------------------------------------------------------------------------------------------------------------------------------+
| Name: time                    | Name: gc_reclaimed                                                                                                                                                                                                                                  |
| Labels:                       | Labels: availability_zone=ap-northeast-1-3, cell=ap-northeast-1-cell-5, instance_name=i-zaZswmJk-zeus-0008.amazonaws.com, jdk_version=JDK_11, microservice_name=zeus, process_name=server, region=ap-northeast-1, silo=ap-northeast-1-cell-5-silo-2 |
| Type: []time.Time             | Type: []*float64                                                                                                                                                                                                                                    |
+-------------------------------+-----------------------------------------------------------------------------------------------------------------------------------------------------------------------------------------------------------------------------------------------------+
| 2020-08-27 16:08:31 +0000 UTC | 67.09909664385417                                                                                                                                                                                                                                   |
| 2020-08-27 16:12:51 +0000 UTC | 92.90157690572215                                                                                                                                                                                                                                   |
| 2020-08-27 16:17:13 +0000 UTC | 81.65079904485007                                                                                                                                                                                                                                   |
| 2020-08-27 16:21:34 +0000 UTC | 11.693483284383532                                                                                                                                                                                                                                  |
| 2020-08-27 16:25:54 +0000 UTC | 44.93316564375712                                                                                                                                                                                                                                   |
| 2020-08-27 16:30:16 +0000 UTC | 96.05967121460071                                                                                                                                                                                                                                   |
| 2020-08-27 16:34:59 +0000 UTC | 27.481569188579314                                                                                                                                                                                                                                  |
| 2020-08-27 16:40:04 +0000 UTC | 38.277507039197566                                                                                                                                                                                                                                  |
| 2020-08-27 16:45:09 +0000 UTC | 61.13262358314684                                                                                                                                                                                                                                   |
| ...                           | ...                                                                                                                                                                                                                                                 |
+-------------------------------+-----------------------------------------------------------------------------------------------------------------------------------------------------------------------------------------------------------------------------------------------------+



Frame[2] 
Name: 
Dimensions: 2 Fields by 12 Rows
+-------------------------------+-----------------------------------------------------------------------------------------------------------------------------------------------------------------------------------------------------------------------------------------------------+
| Name: time                    | Name: gc_reclaimed                                                                                                                                                                                                                                  |
| Labels:                       | Labels: availability_zone=ap-northeast-1-3, cell=ap-northeast-1-cell-5, instance_name=i-zaZswmJk-zeus-0005.amazonaws.com, jdk_version=JDK_11, microservice_name=zeus, process_name=server, region=ap-northeast-1, silo=ap-northeast-1-cell-5-silo-2 |
| Type: []time.Time             | Type: []*float64                                                                                                                                                                                                                                    |
+-------------------------------+-----------------------------------------------------------------------------------------------------------------------------------------------------------------------------------------------------------------------------------------------------+
| 2020-08-27 16:08:31 +0000 UTC | 31.0496017484171                                                                                                                                                                                                                                    |
| 2020-08-27 16:12:51 +0000 UTC | 23.290256176131972                                                                                                                                                                                                                                  |
| 2020-08-27 16:17:13 +0000 UTC | 59.555406722163184                                                                                                                                                                                                                                  |
| 2020-08-27 16:21:34 +0000 UTC | 21.94409528418324                                                                                                                                                                                                                                   |
| 2020-08-27 16:25:54 +0000 UTC | 81.3552708521383                                                                                                                                                                                                                                    |
| 2020-08-27 16:30:16 +0000 UTC | 30.471367552188923                                                                                                                                                                                                                                  |
| 2020-08-27 16:34:59 +0000 UTC | 15.418891353754717                                                                                                                                                                                                                                  |
| 2020-08-27 16:40:04 +0000 UTC | 86.4463081422524                                                                                                                                                                                                                                    |
| 2020-08-27 16:45:09 +0000 UTC | 30.376039543214482                                                                                                                                                                                                                                  |
| ...                           | ...                                                                                                                                                                                                                                                 |
+-------------------------------+-----------------------------------------------------------------------------------------------------------------------------------------------------------------------------------------------------------------------------------------------------+



Frame[3] 
Name: 
Dimensions: 2 Fields by 12 Rows
+-------------------------------+-----------------------------------------------------------------------------------------------------------------------------------------------------------------------------------------------------------------------------------------------------+
| Name: time                    | Name: gc_reclaimed                                                                                                                                                                                                                                  |
| Labels:                       | Labels: availability_zone=ap-northeast-1-3, cell=ap-northeast-1-cell-5, instance_name=i-zaZswmJk-zeus-0014.amazonaws.com, jdk_version=JDK_11, microservice_name=zeus, process_name=server, region=ap-northeast-1, silo=ap-northeast-1-cell-5-silo-2 |
| Type: []time.Time             | Type: []*float64                                                                                                                                                                                                                                    |
+-------------------------------+-----------------------------------------------------------------------------------------------------------------------------------------------------------------------------------------------------------------------------------------------------+
| 2020-08-27 16:08:31 +0000 UTC | 31.516213826747872                                                                                                                                                                                                                                  |
| 2020-08-27 16:12:51 +0000 UTC | 88.12719019851558                                                                                                                                                                                                                                   |
| 2020-08-27 16:17:13 +0000 UTC | 42.44984899476801                                                                                                                                                                                                                                   |
| 2020-08-27 16:21:34 +0000 UTC | 36.712987801349804                                                                                                                                                                                                                                  |
| 2020-08-27 16:25:54 +0000 UTC | 5.142871278852024                                                                                                                                                                                                                                   |
| 2020-08-27 16:30:16 +0000 UTC | 66.54059029258704                                                                                                                                                                                                                                   |
| 2020-08-27 16:34:59 +0000 UTC | 72.64287457442755                                                                                                                                                                                                                                   |
| 2020-08-27 16:40:04 +0000 UTC | 29.475859525981484                                                                                                                                                                                                                                  |
| 2020-08-27 16:45:09 +0000 UTC | 16.51534951920969                                                                                                                                                                                                                                   |
| ...                           | ...                                                                                                                                                                                                                                                 |
+-------------------------------+-----------------------------------------------------------------------------------------------------------------------------------------------------------------------------------------------------------------------------------------------------+



Frame[4] 
Name: 
Dimensions: 2 Fields by 12 Rows
+-------------------------------+-----------------------------------------------------------------------------------------------------------------------------------------------------------------------------------------------------------------------------------------------------+
| Name: time                    | Name: gc_reclaimed                                                                                                                                                                                                                                  |
| Labels:                       | Labels: availability_zone=ap-northeast-1-3, cell=ap-northeast-1-cell-5, instance_name=i-zaZswmJk-zeus-0011.amazonaws.com, jdk_version=JDK_11, microservice_name=zeus, process_name=server, region=ap-northeast-1, silo=ap-northeast-1-cell-5-silo-2 |
| Type: []time.Time             | Type: []*float64                                                                                                                                                                                                                                    |
+-------------------------------+-----------------------------------------------------------------------------------------------------------------------------------------------------------------------------------------------------------------------------------------------------+
| 2020-08-27 16:08:31 +0000 UTC | 17.97742524599445                                                                                                                                                                                                                                   |
| 2020-08-27 16:12:51 +0000 UTC | 99.49333810823669                                                                                                                                                                                                                                   |
| 2020-08-27 16:17:13 +0000 UTC | 50.17719047969882                                                                                                                                                                                                                                   |
| 2020-08-27 16:21:34 +0000 UTC | 4.311333873511436                                                                                                                                                                                                                                   |
| 2020-08-27 16:25:54 +0000 UTC | 18.071830130861123                                                                                                                                                                                                                                  |
| 2020-08-27 16:30:16 +0000 UTC | 46.551318699327446                                                                                                                                                                                                                                  |
| 2020-08-27 16:34:59 +0000 UTC | 18.170329743042636                                                                                                                                                                                                                                  |
| 2020-08-27 16:40:04 +0000 UTC | 60.53216726311484                                                                                                                                                                                                                                   |
| 2020-08-27 16:45:09 +0000 UTC | 39.48748717890107                                                                                                                                                                                                                                   |
| ...                           | ...                                                                                                                                                                                                                                                 |
+-------------------------------+-----------------------------------------------------------------------------------------------------------------------------------------------------------------------------------------------------------------------------------------------------+


====== TEST DATA RESPONSE (arrow base64) ======
FRAME=QVJST1cxAAD/////2AIAABAAAAAAAAoADgAMAAsABAAKAAAAFAAAAAAAAAEDAAoADAAAAAgABAAKAAAACAAAAHQAAAADAAAATAAAACgAAAAEAAAAvP3//wgAAAAMAAAAAAAAAAAAAAAFAAAAcmVmSWQAAADc/f//CAAAAAwAAAAAAAAAAAAAAAQAAABuYW1lAAAAAPz9//8IAAAADAAAAAIAAAB7fQAABAAAAG1ldGEAAAAAAgAAAMABAAAYAAAAAAASABgAFAATABIADAAAAAgABAASAAAAFAAAAGwBAABsAQAAAAADAWwBAAACAAAANAAAAAQAAABg/v//CAAAABgAAAAMAAAAZ2NfcmVjbGFpbWVkAAAAAAQAAABuYW1lAAAAAIz+//8IAAAAEAEAAAYBAAB7ImF2YWlsYWJpbGl0eV96b25lIjoiYXAtbm9ydGhlYXN0LTEtMyIsImNlbGwiOiJhcC1ub3J0aGVhc3QtMS1jZWxsLTUiLCJpbnN0YW5jZV9uYW1lIjoiaS16YVpzd21Kay16ZXVzLTAwMDIuYW1hem9uYXdzLmNvbSIsImpka192ZXJzaW9uIjoiSkRLXzExIiwibWljcm9zZXJ2aWNlX25hbWUiOiJ6ZXVzIiwicHJvY2Vzc19uYW1lIjoic2VydmVyIiwicmVnaW9uIjoiYXAtbm9ydGhlYXN0LTEiLCJzaWxvIjoiYXAtbm9ydGhlYXN0LTEtY2VsbC01LXNpbG8tMiJ9AAAGAAAAbGFiZWxzAAAAAAAAgv///wAAAgAMAAAAZ2NfcmVjbGFpbWVkAAASABgAFAAAABMADAAAAAgABAASAAAAFAAAAEQAAABMAAAAAAAACkwAAAABAAAADAAAAAgADAAIAAQACAAAAAgAAAAQAAAABAAAAHRpbWUAAAAABAAAAG5hbWUAAAAAAAAAAAAABgAIAAYABgAAAAAAAwAEAAAAdGltZQAAAAAAAAAA/////7gAAAAUAAAAAAAAAAwAFgAUABMADAAEAAwAAADAAAAAAAAAABQAAAAAAAADAwAKABgADAAIAAQACgAAABQAAABYAAAADAAAAAAAAAAAAAAABAAAAAAAAAAAAAAAAAAAAAAAAAAAAAAAAAAAAGAAAAAAAAAAYAAAAAAAAAAAAAAAAAAAAGAAAAAAAAAAYAAAAAAAAAAAAAAAAgAAAAwAAAAAAAAAAAAAAAAAAAAMAAAAAAAAAAAAAAAAAAAAADbOZ8MrLxYAXgPx/ysvFgAabvE8LC8WAAw+tnksLxYANHM/tiwvFgDw3T/zLC8WAD77IzUtLxYA6GUnfC0vFgCS0CrDLS8WAHKg8gkuLxYAKgXMTy4vFgBAOliWLi8WdG18sNmjRkBGCs5vugNVQD72IfIESlNAeWnc9XlqK0BYNoQFv3pAQIHOfFX5mEZAlbQXS7WxU0C7UMU/h19XQF8jACGB/k1AzEBmFITVNUAx+K/qP6ZWQDthTX7PgEVAEAAAAAwAFAASAAwACAAEAAwAAAAQAAAALAAAADgAAAAAAAMAAQAAAOgCAAAAAAAAwAAAAAAAAADAAAAAAAAAAAAAAAAAAAAAAAAKAAwAAAAIAAQACgAAAAgAAAB0AAAAAwAAAEwAAAAoAAAABAAAALz9//8IAAAADAAAAAAAAAAAAAAABQAAAHJlZklkAAAA3P3//wgAAAAMAAAAAAAAAAAAAAAEAAAAbmFtZQAAAAD8/f//CAAAAAwAAAACAAAAe30AAAQAAABtZXRhAAAAAAIAAADAAQAAGAAAAAAAEgAYABQAEwASAAwAAAAIAAQAEgAAABQAAABsAQAAbAEAAAAAAwFsAQAAAgAAADQAAAAEAAAAYP7//wgAAAAYAAAADAAAAGdjX3JlY2xhaW1lZAAAAAAEAAAAbmFtZQAAAACM/v//CAAAABABAAAGAQAAeyJhdmFpbGFiaWxpdHlfem9uZSI6ImFwLW5vcnRoZWFzdC0xLTMiLCJjZWxsIjoiYXAtbm9ydGhlYXN0LTEtY2VsbC01IiwiaW5zdGFuY2VfbmFtZSI6ImktemFac3dtSmstemV1cy0wMDAyLmFtYXpvbmF3cy5jb20iLCJqZGtfdmVyc2lvbiI6IkpES18xMSIsIm1pY3Jvc2VydmljZV9uYW1lIjoiemV1cyIsInByb2Nlc3NfbmFtZSI6InNlcnZlciIsInJlZ2lvbiI6ImFwLW5vcnRoZWFzdC0xIiwic2lsbyI6ImFwLW5vcnRoZWFzdC0xLWNlbGwtNS1zaWxvLTIifQAABgAAAGxhYmVscwAAAAAAAIL///8AAAIADAAAAGdjX3JlY2xhaW1lZAAAEgAYABQAAAATAAwAAAAIAAQAEgAAABQAAABEAAAATAAAAAAAAApMAAAAAQAAAAwAAAAIAAwACAAEAAgAAAAIAAAAEAAAAAQAAAB0aW1lAAAAAAQAAABuYW1lAAAAAAAAAAAAAAYACAAGAAYAAAAAAAMABAAAAHRpbWUAAAAAAAMAAEFSUk9XMQ==
FRAME=QVJST1cxAAD/////sAIAABAAAAAAAAoADgAMAAsABAAKAAAAFAAAAAAAAAEDAAoADAAAAAgABAAKAAAACAAAAFAAAAACAAAAKAAAAAQAAADc/f//CAAAAAwAAAAAAAAAAAAAAAUAAAByZWZJZAAAAPz9//8IAAAADAAAAAAAAAAAAAAABAAAAG5hbWUAAAAAAgAAAMABAAAYAAAAAAASABgAFAATABIADAAAAAgABAASAAAAFAAAAGwBAABsAQAAAAADAWwBAAACAAAANAAAAAQAAABg/v//CAAAABgAAAAMAAAAZ2NfcmVjbGFpbWVkAAAAAAQAAABuYW1lAAAAAIz+//8IAAAAEAEAAAYBAAB7ImF2YWlsYWJpbGl0eV96b25lIjoiYXAtbm9ydGhlYXN0LTEtMyIsImNlbGwiOiJhcC1ub3J0aGVhc3QtMS1jZWxsLTUiLCJpbnN0YW5jZV9uYW1lIjoiaS16YVpzd21Kay16ZXVzLTAwMDguYW1hem9uYXdzLmNvbSIsImpka192ZXJzaW9uIjoiSkRLXzExIiwibWljcm9zZXJ2aWNlX25hbWUiOiJ6ZXVzIiwicHJvY2Vzc19uYW1lIjoic2VydmVyIiwicmVnaW9uIjoiYXAtbm9ydGhlYXN0LTEiLCJzaWxvIjoiYXAtbm9ydGhlYXN0LTEtY2VsbC01LXNpbG8tMiJ9AAAGAAAAbGFiZWxzAAAAAAAAgv///wAAAgAMAAAAZ2NfcmVjbGFpbWVkAAASABgAFAAAABMADAAAAAgABAASAAAAFAAAAEQAAABMAAAAAAAACkwAAAABAAAADAAAAAgADAAIAAQACAAAAAgAAAAQAAAABAAAAHRpbWUAAAAABAAAAG5hbWUAAAAAAAAAAAAABgAIAAYABgAAAAAAAwAEAAAAdGltZQAAAAD/////uAAAABQAAAAAAAAADAAWABQAEwAMAAQADAAAAMAAAAAAAAAAFAAAAAAAAAMDAAoAGAAMAAgABAAKAAAAFAAAAFgAAAAMAAAAAAAAAAAAAAAEAAAAAAAAAAAAAAAAAAAAAAAAAAAAAAAAAAAAYAAAAAAAAABgAAAAAAAAAAAAAAAAAAAAYAAAAAAAAABgAAAAAAAAAAAAAAACAAAADAAAAAAAAAAAAAAAAAAAAAwAAAAAAAAAAAAAAAAAAAAANs5nwysvFgBeA/H/Ky8WABpu8TwsLxYADD62eSwvFgA0cz+2LC8WAPDdP/MsLxYAPvsjNS0vFgDoZSd8LS8WAJLQKsMtLxYAcqDyCS4vFgAqBcxPLi8WAEA6WJYuLxbPH3OZV8ZQQPQ5n2+zOVdAi3kJsaZpVED4f7U9EGMnQATYyPhxd0ZAQM42p9EDWECctUseSHs7QLXhxFmFI0NAoiVAz/mQTkBsgZ+c1Mk/QL4JNzvk/0FAZ3AoUsN9VkAQAAAADAAUABIADAAIAAQADAAAABAAAAAsAAAAPAAAAAAAAwABAAAAwAIAAAAAAADAAAAAAAAAAMAAAAAAAAAAAAAAAAAAAAAAAAAAAAAKAAwAAAAIAAQACgAAAAgAAABQAAAAAgAAACgAAAAEAAAA3P3//wgAAAAMAAAAAAAAAAAAAAAFAAAAcmVmSWQAAAD8/f//CAAAAAwAAAAAAAAAAAAAAAQAAABuYW1lAAAAAAIAAADAAQAAGAAAAAAAEgAYABQAEwASAAwAAAAIAAQAEgAAABQAAABsAQAAbAEAAAAAAwFsAQAAAgAAADQAAAAEAAAAYP7//wgAAAAYAAAADAAAAGdjX3JlY2xhaW1lZAAAAAAEAAAAbmFtZQAAAACM/v//CAAAABABAAAGAQAAeyJhdmFpbGFiaWxpdHlfem9uZSI6ImFwLW5vcnRoZWFzdC0xLTMiLCJjZWxsIjoiYXAtbm9ydGhlYXN0LTEtY2VsbC01IiwiaW5zdGFuY2VfbmFtZSI6ImktemFac3dtSmstemV1cy0wMDA4LmFtYXpvbmF3cy5jb20iLCJqZGtfdmVyc2lvbiI6IkpES18xMSIsIm1pY3Jvc2VydmljZV9uYW1lIjoiemV1cyIsInByb2Nlc3NfbmFtZSI6InNlcnZlciIsInJlZ2lvbiI6ImFwLW5vcnRoZWFzdC0xIiwic2lsbyI6ImFwLW5vcnRoZWFzdC0xLWNlbGwtNS1zaWxvLTIifQAABgAAAGxhYmVscwAAAAAAAIL///8AAAIADAAAAGdjX3JlY2xhaW1lZAAAEgAYABQAAAATAAwAAAAIAAQAEgAAABQAAABEAAAATAAAAAAAAApMAAAAAQAAAAwAAAAIAAwACAAEAAgAAAAIAAAAEAAAAAQAAAB0aW1lAAAAAAQAAABuYW1lAAAAAAAAAAAAAAYACAAGAAYAAAAAAAMABAAAAHRpbWUAAAAA4AIAAEFSUk9XMQ==
FRAME=QVJST1cxAAD/////sAIAABAAAAAAAAoADgAMAAsABAAKAAAAFAAAAAAAAAEDAAoADAAAAAgABAAKAAAACAAAAFAAAAACAAAAKAAAAAQAAADc/f//CAAAAAwAAAAAAAAAAAAAAAUAAAByZWZJZAAAAPz9//8IAAAADAAAAAAAAAAAAAAABAAAAG5hbWUAAAAAAgAAAMABAAAYAAAAAAASABgAFAATABIADAAAAAgABAASAAAAFAAAAGwBAABsAQAAAAADAWwBAAACAAAANAAAAAQAAABg/v//CAAAABgAAAAMAAAAZ2NfcmVjbGFpbWVkAAAAAAQAAABuYW1lAAAAAIz+//8IAAAAEAEAAAYBAAB7ImF2YWlsYWJpbGl0eV96b25lIjoiYXAtbm9ydGhlYXN0LTEtMyIsImNlbGwiOiJhcC1ub3J0aGVhc3QtMS1jZWxsLTUiLCJpbnN0YW5jZV9uYW1lIjoiaS16YVpzd21Kay16ZXVzLTAwMDUuYW1hem9uYXdzLmNvbSIsImpka192ZXJzaW9uIjoiSkRLXzExIiwibWljcm9zZXJ2aWNlX25hbWUiOiJ6ZXVzIiwicHJvY2Vzc19uYW1lIjoic2VydmVyIiwicmVnaW9uIjoiYXAtbm9ydGhlYXN0LTEiLCJzaWxvIjoiYXAtbm9ydGhlYXN0LTEtY2VsbC01LXNpbG8tMiJ9AAAGAAAAbGFiZWxzAAAAAAAAgv///wAAAgAMAAAAZ2NfcmVjbGFpbWVkAAASABgAFAAAABMADAAAAAgABAASAAAAFAAAAEQAAABMAAAAAAAACkwAAAABAAAADAAAAAgADAAIAAQACAAAAAgAAAAQAAAABAAAAHRpbWUAAAAABAAAAG5hbWUAAAAAAAAAAAAABgAIAAYABgAAAAAAAwAEAAAAdGltZQAAAAD/////uAAAABQAAAAAAAAADAAWABQAEwAMAAQADAAAAMAAAAAAAAAAFAAAAAAAAAMDAAoAGAAMAAgABAAKAAAAFAAAAFgAAAAMAAAAAAAAAAAAAAAEAAAAAAAAAAAAAAAAAAAAAAAAAAAAAAAAAAAAYAAAAAAAAABgAAAAAAAAAAAAAAAAAAAAYAAAAAAAAABgAAAAAAAAAAAAAAACAAAADAAAAAAAAAAAAAAAAAAAAAwAAAAAAAAAAAAAAAAAAAAANs5nwysvFgBeA/H/Ky8WABpu8TwsLxYADD62eSwvFgA0cz+2LC8WAPDdP/MsLxYAPvsjNS0vFgDoZSd8LS8WAJLQKsMtLxYAcqDyCS4vFgAqBcxPLi8WAEA6WJYuLxafRj+zsgw/QOfyjzpOSjdAsNVFkRfHTUD234E6sPE1QP3J9MG8VlRACAw9i6t4PkBI6HHteNYuQGi6BlCQnFVA5hukIERgPkA2NHu7OjBVQImRUZovOlFA/KW9ow+xVEAQAAAADAAUABIADAAIAAQADAAAABAAAAAsAAAAPAAAAAAAAwABAAAAwAIAAAAAAADAAAAAAAAAAMAAAAAAAAAAAAAAAAAAAAAAAAAAAAAKAAwAAAAIAAQACgAAAAgAAABQAAAAAgAAACgAAAAEAAAA3P3//wgAAAAMAAAAAAAAAAAAAAAFAAAAcmVmSWQAAAD8/f//CAAAAAwAAAAAAAAAAAAAAAQAAABuYW1lAAAAAAIAAADAAQAAGAAAAAAAEgAYABQAEwASAAwAAAAIAAQAEgAAABQAAABsAQAAbAEAAAAAAwFsAQAAAgAAADQAAAAEAAAAYP7//wgAAAAYAAAADAAAAGdjX3JlY2xhaW1lZAAAAAAEAAAAbmFtZQAAAACM/v//CAAAABABAAAGAQAAeyJhdmFpbGFiaWxpdHlfem9uZSI6ImFwLW5vcnRoZWFzdC0xLTMiLCJjZWxsIjoiYXAtbm9ydGhlYXN0LTEtY2VsbC01IiwiaW5zdGFuY2VfbmFtZSI6ImktemFac3dtSmstemV1cy0wMDA1LmFtYXpvbmF3cy5jb20iLCJqZGtfdmVyc2lvbiI6IkpES18xMSIsIm1pY3Jvc2VydmljZV9uYW1lIjoiemV1cyIsInByb2Nlc3NfbmFtZSI6InNlcnZlciIsInJlZ2lvbiI6ImFwLW5vcnRoZWFzdC0xIiwic2lsbyI6ImFwLW5vcnRoZWFzdC0xLWNlbGwtNS1zaWxvLTIifQAABgAAAGxhYmVscwAAAAAAAIL///8AAAIADAAAAGdjX3JlY2xhaW1lZAAAEgAYABQAAAATAAwAAAAIAAQAEgAAABQAAABEAAAATAAAAAAAAApMAAAAAQAAAAwAAAAIAAwACAAEAAgAAAAIAAAAEAAAAAQAAAB0aW1lAAAAAAQAAABuYW1lAAAAAAAAAAAAAAYACAAGAAYAAAAAAAMABAAAAHRpbWUAAAAA4AIAAEFSUk9XMQ==
FRAME=QVJST1cxAAD/////sAIAABAAAAAAAAoADgAMAAsABAAKAAAAFAAAAAAAAAEDAAoADAAAAAgABAAKAAAACAAAAFAAAAACAAAAKAAAAAQAAADc/f//CAAAAAwAAAAAAAAAAAAAAAUAAAByZWZJZAAAAPz9//8IAAAADAAAAAAAAAAAAAAABAAAAG5hbWUAAAAAAgAAAMABAAAYAAAAAAASABgAFAATABIADAAAAAgABAASAAAAFAAAAGwBAABsAQAAAAADAWwBAAACAAAANAAAAAQAAABg/v//CAAAABgAAAAMAAAAZ2NfcmVjbGFpbWVkAAAAAAQAAABuYW1lAAAAAIz+//8IAAAAEAEAAAYBAAB7ImF2YWlsYWJpbGl0eV96b25lIjoiYXAtbm9ydGhlYXN0LTEtMyIsImNlbGwiOiJhcC1ub3J0aGVhc3QtMS1jZWxsLTUiLCJpbnN0YW5jZV9uYW1lIjoiaS16YVpzd21Kay16ZXVzLTAwMTQuYW1hem9uYXdzLmNvbSIsImpka192ZXJzaW9uIjoiSkRLXzExIiwibWljcm9zZXJ2aWNlX25hbWUiOiJ6ZXVzIiwicHJvY2Vzc19uYW1lIjoic2VydmVyIiwicmVnaW9uIjoiYXAtbm9ydGhlYXN0LTEiLCJzaWxvIjoiYXAtbm9ydGhlYXN0LTEtY2VsbC01LXNpbG8tMiJ9AAAGAAAAbGFiZWxzAAAAAAAAgv///wAAAgAMAAAAZ2NfcmVjbGFpbWVkAAASABgAFAAAABMADAAAAAgABAASAAAAFAAAAEQAAABMAAAAAAAACkwAAAABAAAADAAAAAgADAAIAAQACAAAAAgAAAAQAAAABAAAAHRpbWUAAAAABAAAAG5hbWUAAAAAAAAAAAAABgAIAAYABgAAAAAAAwAEAAAAdGltZQAAAAD/////uAAAABQAAAAAAAAADAAWABQAEwAMAAQADAAAAMAAAAAAAAAAFAAAAAAAAAMDAAoAGAAMAAgABAAKAAAAFAAAAFgAAAAMAAAAAAAAAAAAAAAEAAAAAAAAAAAAAAAAAAAAAAAAAAAAAAAAAAAAYAAAAAAAAABgAAAAAAAAAAAAAAAAAAAAYAAAAAAAAABgAAAAAAAAAAAAAAACAAAADAAAAAAAAAAAAAAAAAAAAAwAAAAAAAAAAAAAAAAAAAAANs5nwysvFgBeA/H/Ky8WABpu8TwsLxYADD62eSwvFgA0cz+2LC8WAPDdP/MsLxYAPvsjNS0vFgDoZSd8LS8WAJLQKsMtLxYAcqDyCS4vFgAqBcxPLi8WAEA6WJYuLxYIoN+WJoQ/QMG/W+IjCFZAY1XgppQ5RUBHnywvQ1tCQBzUONlMkhRAkswGCJmiUEApJmbbJClSQJ6UDe7ReT1A0wMz8u2DMEBiWvS/EkBAQBR+V9mmCkdAeFUgeR75SkAQAAAADAAUABIADAAIAAQADAAAABAAAAAsAAAAPAAAAAAAAwABAAAAwAIAAAAAAADAAAAAAAAAAMAAAAAAAAAAAAAAAAAAAAAAAAAAAAAKAAwAAAAIAAQACgAAAAgAAABQAAAAAgAAACgAAAAEAAAA3P3//wgAAAAMAAAAAAAAAAAAAAAFAAAAcmVmSWQAAAD8/f//CAAAAAwAAAAAAAAAAAAAAAQAAABuYW1lAAAAAAIAAADAAQAAGAAAAAAAEgAYABQAEwASAAwAAAAIAAQAEgAAABQAAABsAQAAbAEAAAAAAwFsAQAAAgAAADQAAAAEAAAAYP7//wgAAAAYAAAADAAAAGdjX3JlY2xhaW1lZAAAAAAEAAAAbmFtZQAAAACM/v//CAAAABABAAAGAQAAeyJhdmFpbGFiaWxpdHlfem9uZSI6ImFwLW5vcnRoZWFzdC0xLTMiLCJjZWxsIjoiYXAtbm9ydGhlYXN0LTEtY2VsbC01IiwiaW5zdGFuY2VfbmFtZSI6ImktemFac3dtSmstemV1cy0wMDE0LmFtYXpvbmF3cy5jb20iLCJqZGtfdmVyc2lvbiI6IkpES18xMSIsIm1pY3Jvc2VydmljZV9uYW1lIjoiemV1cyIsInByb2Nlc3NfbmFtZSI6InNlcnZlciIsInJlZ2lvbiI6ImFwLW5vcnRoZWFzdC0xIiwic2lsbyI6ImFwLW5vcnRoZWFzdC0xLWNlbGwtNS1zaWxvLTIifQAABgAAAGxhYmVscwAAAAAAAIL///8AAAIADAAAAGdjX3JlY2xhaW1lZAAAEgAYABQAAAATAAwAAAAIAAQAEgAAABQAAABEAAAATAAAAAAAAApMAAAAAQAAAAwAAAAIAAwACAAEAAgAAAAIAAAAEAAAAAQAAAB0aW1lAAAAAAQAAABuYW1lAAAAAAAAAAAAAAYACAAGAAYAAAAAAAMABAAAAHRpbWUAAAAA4AIAAEFSUk9XMQ==
FRAME=QVJST1cxAAD/////sAIAABAAAAAAAAoADgAMAAsABAAKAAAAFAAAAAAAAAEDAAoADAAAAAgABAAKAAAACAAAAFAAAAACAAAAKAAAAAQAAADc/f//CAAAAAwAAAAAAAAAAAAAAAUAAAByZWZJZAAAAPz9//8IAAAADAAAAAAAAAAAAAAABAAAAG5hbWUAAAAAAgAAAMABAAAYAAAAAAASABgAFAATABIADAAAAAgABAASAAAAFAAAAGwBAABsAQAAAAADAWwBAAACAAAANAAAAAQAAABg/v//CAAAABgAAAAMAAAAZ2NfcmVjbGFpbWVkAAAAAAQAAABuYW1lAAAAAIz+//8IAAAAEAEAAAYBAAB7ImF2YWlsYWJpbGl0eV96b25lIjoiYXAtbm9ydGhlYXN0LTEtMyIsImNlbGwiOiJhcC1ub3J0aGVhc3QtMS1jZWxsLTUiLCJpbnN0YW5jZV9uYW1lIjoiaS16YVpzd21Kay16ZXVzLTAwMTEuYW1hem9uYXdzLmNvbSIsImpka192ZXJzaW9uIjoiSkRLXzExIiwibWljcm9zZXJ2aWNlX25hbWUiOiJ6ZXVzIiwicHJvY2Vzc19uYW1lIjoic2VydmVyIiwicmVnaW9uIjoiYXAtbm9ydGhlYXN0LTEiLCJzaWxvIjoiYXAtbm9ydGhlYXN0LTEtY2VsbC01LXNpbG8tMiJ9AAAGAAAAbGFiZWxzAAAAAAAAgv///wAAAgAMAAAAZ2NfcmVjbGFpbWVkAAASABgAFAAAABMADAAAAAgABAASAAAAFAAAAEQAAABMAAAAAAAACkwAAAABAAAADAAAAAgADAAIAAQACAAAAAgAAAAQAAAABAAAAHRpbWUAAAAABAAAAG5hbWUAAAAAAAAAAAAABgAIAAYABgAAAAAAAwAEAAAAdGltZQAAAAD/////uAAAABQAAAAAAAAADAAWABQAEwAMAAQADAAAAMAAAAAAAAAAFAAAAAAAAAMDAAoAGAAMAAgABAAKAAAAFAAAAFgAAAAMAAAAAAAAAAAAAAAEAAAAAAAAAAAAAAAAAAAAAAAAAAAAAAAAAAAAYAAAAAAAAABgAAAAAAAAAAAAAAAAAAAAYAAAAAAAAABgAAAAAAAAAAAAAAACAAAADAAAAAAAAAAAAAAAAAAAAAwAAAAAAAAAAAAAAAAAAAAANs5nwysvFgBeA/H/Ky8WABpu8TwsLxYADD62eSwvFgA0cz+2LC8WAPDdP/MsLxYAPvsjNS0vFgDoZSd8LS8WAJLQKsMtLxYAcqDyCS4vFgAqBcxPLi8WAEA6WJYuLxa31HmKOPoxQNAvANqS31hACLx5La4WSUB3eZNOzj4RQHrqnnVjEjJAb6RznJFGR0B65+O6misyQECKjw4eRE5AuUzZ+mW+Q0BR8K3Hc4NRQJ4qkbqiuTdAsRRxSUZyEkAQAAAADAAUABIADAAIAAQADAAAABAAAAAsAAAAPAAAAAAAAwABAAAAwAIAAAAAAADAAAAAAAAAAMAAAAAAAAAAAAAAAAAAAAAAAAAAAAAKAAwAAAAIAAQACgAAAAgAAABQAAAAAgAAACgAAAAEAAAA3P3//wgAAAAMAAAAAAAAAAAAAAAFAAAAcmVmSWQAAAD8/f//CAAAAAwAAAAAAAAAAAAAAAQAAABuYW1lAAAAAAIAAADAAQAAGAAAAAAAEgAYABQAEwASAAwAAAAIAAQAEgAAABQAAABsAQAAbAEAAAAAAwFsAQAAAgAAADQAAAAEAAAAYP7//wgAAAAYAAAADAAAAGdjX3JlY2xhaW1lZAAAAAAEAAAAbmFtZQAAAACM/v//CAAAABABAAAGAQAAeyJhdmFpbGFiaWxpdHlfem9uZSI6ImFwLW5vcnRoZWFzdC0xLTMiLCJjZWxsIjoiYXAtbm9ydGhlYXN0LTEtY2VsbC01IiwiaW5zdGFuY2VfbmFtZSI6ImktemFac3dtSmstemV1cy0wMDExLmFtYXpvbmF3cy5jb20iLCJqZGtfdmVyc2lvbiI6IkpES18xMSIsIm1pY3Jvc2VydmljZV9uYW1lIjoiemV1cyIsInByb2Nlc3NfbmFtZSI6InNlcnZlciIsInJlZ2lvbiI6ImFwLW5vcnRoZWFzdC0xIiwic2lsbyI6ImFwLW5vcnRoZWFzdC0xLWNlbGwtNS1zaWxvLTIifQAABgAAAGxhYmVscwAAAAAAAIL///8AAAIADAAAAGdjX3JlY2xhaW1lZAAAEgAYABQAAAATAAwAAAAIAAQAEgAAABQAAABEAAAATAAAAAAAAApMAAAAAQAAAAwAAAAIAAwACAAEAAgAAAAIAAAAEAAAAAQAAAB0aW1lAAAAAAQAAABuYW1lAAAAAAAAAAAAAAYACAAGAAYAAAAAAAMABAAAAHRpbWUAAAAA4AIAAEFSUk9XMQ==
